Microchip MPLAB XC8 Compiler V2.31

Linker command line:

-W-3 --edf=C:\Program Files\Microchip\xc8\v2.31\pic\dat\en_msgs.txt -cn \
  -h+dist/default/production\Sensor.X.production.sym \
  --cmf=dist/default/production\Sensor.X.production.cmf -z -Q16F887 \
  -oC:\Users\Daniel\AppData\Local\Temp\sqa0.2 --defsym=__MPLAB_BUILD=1 \
  -Mdist/default/production/Sensor.X.production.map -E1 -ver=XC8 Compiler \
  --acfsm=1493 -ASTACK=0110h-016Fh -pstack=STACK -ACODE=00h-07FFhx4 \
  -ASTRCODE=00h-01FFFh -ASTRING=00h-0FFhx32 -ACONST=00h-0FFhx32 \
  -AENTRY=00h-0FFhx32 -ACOMMON=070h-07Fh -ABANK0=020h-06Fh \
  -ABANK1=0A0h-0EFh -ABANK2=0110h-016Fh -ABANK3=0190h-01EFh \
  -ARAM=020h-06Fh,0A0h-0EFh,0110h-016Fh,0190h-01EFh \
  -AABS1=020h-07Fh,0A0h-0EFh,0110h-016Fh,0190h-01EFh -ASFR0=00h-01Fh \
  -ASFR1=080h-09Fh -ASFR2=0100h-010Fh -ASFR3=0180h-018Fh \
  -ACONFIG=02007h-02008h -DCONFIG=2 -AIDLOC=02000h-02003h -DIDLOC=2 \
  -AEEDATA=00h-0FFh/02100h -peeprom_data=EEDATA -DEEDATA=2 -DCODE=2 \
  -DSTRCODE=2 -DSTRING=2 -DCONST=2 -DENTRY=2 \
  -preset_vec=00h,intentry=04h,init,end_init -ppowerup=CODE -pcinit=CODE \
  -pfunctab=ENTRY -k C:\Users\Daniel\AppData\Local\Temp\sqa0.o \
  dist/default/production\Sensor.X.production.o 

Object code version is 3.11

Machine type is 16F887



                Name                               Link     Load   Length Selector   Space Scale
C:\Users\Daniel\AppData\Local\Temp\sqa0.o
                end_init                             10       10        3        8       0
                reset_vec                             0        0        3        0       0
                config                             2007     2007        2        0       4
dist/default/production\Sensor.X.production.o
                cinit                                13       13       15        8       0
                intentry                              4        4        C        8       0
                config                             2007     2007        2        0       4
                text24                              389      389      1DD        8       0
                text23                              CC3      CC3       27     1986       0
                text22                               28       28      361        8       0
                text21                              E42      E42       7C     1C84       0
                text20                              6CB      6CB       BA        8       0
                text19                              F5E      F5E       A2     1EBC       0
                text18                              BE2      BE2        7     17C4       0
                text17                              C14      C14       17     1828       0
                text16                              BE9      BE9        7     17D2       0
                text15                              C2B      C2B       17     1856       0
                text14                              BF0      BF0        8     17E0       0
                text13                              C5F      C5F       20     18BE       0
                text12                              C42      C42       1D     1884       0
                text11                              C7F      C7F       20     18FE       0
                text10                              CEA      CEA       29     19D4       0
                text9                               7E6      7E6       17        8       0
                text8                               D4F      D4F       46     1A9E       0
                text7                               D13      D13       3C     1A26       0
                text6                               C00      C00       14     1800       0
                text5                               566      566      165        8       0
                text4                               EBE      EBE       A0     1D7C       0
                text3                               C9F      C9F       24     193E       0
                text2                               DEB      DEB       57     1BD6       0
                text1                               D95      D95       56     1B2A       0
                maintext                            785      785       61        8       0
                cstackBANK0                          20       20       4A       20       1
                cstackCOMMON                         70       70        E       70       1
                cstackBANK1                          A0       A0       22       A0       1
                clrtext                             BF8      BF8        8     17F0       0
                bssBANK1                             C2       C2       12       A0       1
                bssBANK0                             6A       6A        6       20       1
                strings                             800      800       35     1000       0

TOTAL           Name                               Link     Load   Length     Space
        CLASS   STACK          

        CLASS   CODE           
                end_init                             10       10        3         0
                cinit                                13       13       15         0
                intentry                              4        4        C         0
                reset_vec                             0        0        3         0
                text24                              389      389      1DD         0
                text23                              CC3      CC3       27         0
                text22                               28       28      361         0
                text21                              E42      E42       7C         0
                text20                              6CB      6CB       BA         0
                text19                              F5E      F5E       A2         0
                text18                              BE2      BE2        7         0
                text17                              C14      C14       17         0
                text16                              BE9      BE9        7         0
                text15                              C2B      C2B       17         0
                text14                              BF0      BF0        8         0
                text13                              C5F      C5F       20         0
                text12                              C42      C42       1D         0
                text11                              C7F      C7F       20         0
                text10                              CEA      CEA       29         0
                text9                               7E6      7E6       17         0
                text8                               D4F      D4F       46         0
                text7                               D13      D13       3C         0
                text6                               C00      C00       14         0
                text5                               566      566      165         0
                text4                               EBE      EBE       A0         0
                text3                               C9F      C9F       24         0
                text2                               DEB      DEB       57         0
                text1                               D95      D95       56         0
                maintext                            785      785       61         0
                clrtext                             BF8      BF8        8         0

        CLASS   STRCODE        

        CLASS   STRING         
                strings                             800      800       35         0

        CLASS   CONST          

        CLASS   ENTRY          

        CLASS   COMMON         
                cstackCOMMON                         70       70        E         1

        CLASS   BANK0          
                cstackBANK0                          20       20       4A         1
                bssBANK0                             6A       6A        6         1

        CLASS   BANK1          
                cstackBANK1                          A0       A0       22         1
                bssBANK1                             C2       C2       12         1

        CLASS   BANK2          

        CLASS   BANK3          

        CLASS   RAM            

        CLASS   ABS1           
                abs_s1                               7E       7E        2         1

        CLASS   SFR0           

        CLASS   SFR1           

        CLASS   SFR2           

        CLASS   SFR3           

        CLASS   CONFIG         
                config                             2007     2007        2         4

        CLASS   IDLOC          

        CLASS   EEDATA         



SEGMENTS        Name                           Load    Length   Top    Selector   Space  Class     Delta

                reset_vec                      000000  000003  000003         0       0  CODE        2
                intentry                       000004  0007F9  0007FD         8       0  CODE        2
                cstackBANK0                    000020  000050  000070        20       1  BANK0       1
                cstackCOMMON                   000070  00000E  00007E        70       1  COMMON      1
                cstackBANK1                    0000A0  000034  0000D4        A0       1  BANK1       1
                strings                        000800  000035  000835      1000       0  STRING      2
                text18                         000BE2  000007  000BE9      17C4       0  CODE        2
                text16                         000BE9  000007  000BF0      17D2       0  CODE        2
                text14                         000BF0  000008  000BF8      17E0       0  CODE        2
                clrtext                        000BF8  000008  000C00      17F0       0  CODE        2
                text6                          000C00  000014  000C14      1800       0  CODE        2
                text17                         000C14  000017  000C2B      1828       0  CODE        2
                text15                         000C2B  000017  000C42      1856       0  CODE        2
                text12                         000C42  00001D  000C5F      1884       0  CODE        2
                text13                         000C5F  000020  000C7F      18BE       0  CODE        2
                text11                         000C7F  000020  000C9F      18FE       0  CODE        2
                text3                          000C9F  000024  000CC3      193E       0  CODE        2
                text23                         000CC3  000027  000CEA      1986       0  CODE        2
                text10                         000CEA  000029  000D13      19D4       0  CODE        2
                text7                          000D13  00003C  000D4F      1A26       0  CODE        2
                text8                          000D4F  000046  000D95      1A9E       0  CODE        2
                text1                          000D95  000056  000DEB      1B2A       0  CODE        2
                text2                          000DEB  000057  000E42      1BD6       0  CODE        2
                text21                         000E42  00007C  000EBE      1C84       0  CODE        2
                text4                          000EBE  0000A0  000F5E      1D7C       0  CODE        2
                text19                         000F5E  0000A2  001000      1EBC       0  CODE        2


UNUSED ADDRESS RANGES

        Name                Unused          Largest block    Delta
        BANK1            00D4-00EF             1C           1
        BANK2            0110-016F             60           1
        BANK3            0190-01EF             60           1
        CODE             0003-0003              1           2
                         07FD-07FF              3
                         0835-0BE1            3AD
                         1000-1FFF            800
        CONST            0003-0003              1           2
                         07FD-07FF              3
                         0835-0BE1            100
                         1000-1FFF            100
        EEDATA           2100-21FF            100           2
        ENTRY            0003-0003              1           2
                         07FD-07FF              3
                         0835-0BE1            100
                         1000-1FFF            100
        IDLOC            2000-2003              4           2
        RAM              00D4-00EF             1C           1
                         0110-016F             60
                         0190-01EF             60
        SFR0             0000-001F             20           1
        SFR1             0080-009F             20           1
        SFR2             0100-010F             10           1
        SFR3             0180-018F             10           1
        STACK            0110-016F             60           1
        STRCODE          0003-0003              1           2
                         07FD-07FF              3
                         0835-0BE1            3AD
                         1000-1FFF           1000
        STRING           0003-0003              1           2
                         07FD-07FF              3
                         0835-0BE1            100
                         1000-1FFF            100

                                  Symbol Table

?__Umul8_16                cstackCOMMON 0070
?___fldiv                  cstackBANK0  003A
?___flmul                  cstackBANK0  0020
?___fltol                  cstackBANK0  0054
?___lwdiv                  cstackBANK1  00A0
?___lwmod                  cstackBANK1  00A8
?___xxtofl                 cstackCOMMON 0070
?_sprintf                  cstackBANK1  00AE
_ADCON0bits                (abs)        001F
_ADCON1bits                (abs)        009F
_ADC_1                     text17       0C14
_ADC_2                     text15       0C2B
_ADRESH                    (abs)        001E
_ANSEL                     (abs)        0188
_ANSELH                    (abs)        0189
_ANSELHbits                (abs)        0189
_INTCONbits                (abs)        000B
_IOCB                      (abs)        0096
_OPTION_REGbits            (abs)        0081
_OSCCON                    (abs)        008F
_PIE1bits                  (abs)        008C
_PIR1bits                  (abs)        000C
_PORTA                     (abs)        0005
_PORTB                     (abs)        0006
_PORTC                     (abs)        0007
_PORTCbits                 (abs)        0007
_PORTD                     (abs)        0008
_PORTE                     (abs)        0009
_PORTEbits                 (abs)        0009
_TMR0                      (abs)        0001
_TRISA                     (abs)        0085
_TRISB                     (abs)        0086
_TRISC                     (abs)        0087
_TRISD                     (abs)        0088
_TRISE                     (abs)        0089
__Habs1                    abs1         0000
__Hbank0                   bank0        0000
__Hbank1                   bank1        0000
__Hbank2                   bank2        0000
__Hbank3                   bank3        0000
__HbssBANK0                bssBANK0     0000
__HbssBANK1                bssBANK1     0000
__Hcinit                   cinit        0028
__Hclrtext                 clrtext      0000
__Hcode                    code         0000
__Hcommon                  common       0000
__Hconfig                  config       2009
__HcstackBANK0             cstackBANK0  0000
__HcstackBANK1             cstackBANK1  0000
__HcstackCOMMON            cstackCOMMON 0000
__Heeprom_data             eeprom_data  0000
__Hend_init                end_init     0013
__Hfunctab                 functab      0000
__Hinit                    init         0010
__Hintentry                intentry     0010
__Hmaintext                maintext     0000
__Hpowerup                 powerup      0000
__Hram                     ram          0000
__Hreset_vec               reset_vec    0003
__Hsfr0                    sfr0         0000
__Hsfr1                    sfr1         0000
__Hsfr2                    sfr2         0000
__Hsfr3                    sfr3         0000
__Hspace_0                 (abs)        1000
__Hspace_1                 (abs)        00D4
__Hspace_2                 (abs)        0000
__Hspace_3                 (abs)        0000
__Hspace_4                 (abs)        4010
__Hstack                   stack        0000
__Hstrings                 strings      0000
__Htext                    text         0000
__Labs1                    abs1         0000
__Lbank0                   bank0        0000
__Lbank1                   bank1        0000
__Lbank2                   bank2        0000
__Lbank3                   bank3        0000
__LbssBANK0                bssBANK0     0000
__LbssBANK1                bssBANK1     0000
__Lcinit                   cinit        0013
__Lclrtext                 clrtext      0000
__Lcode                    code         0000
__Lcommon                  common       0000
__Lconfig                  config       0000
__LcstackBANK0             cstackBANK0  0000
__LcstackBANK1             cstackBANK1  0000
__LcstackCOMMON            cstackCOMMON 0000
__Leeprom_data             eeprom_data  0000
__Lend_init                end_init     0010
__Lfunctab                 functab      0000
__Linit                    init         0010
__Lintentry                intentry     0004
__Lmaintext                maintext     0000
__Lpowerup                 powerup      0000
__Lram                     ram          0000
__Lreset_vec               reset_vec    0000
__Lsfr0                    sfr0         0000
__Lsfr1                    sfr1         0000
__Lsfr2                    sfr2         0000
__Lsfr3                    sfr3         0000
__Lspace_0                 (abs)        0000
__Lspace_1                 (abs)        0000
__Lspace_2                 (abs)        0000
__Lspace_3                 (abs)        0000
__Lspace_4                 (abs)        0000
__Lstack                   stack        0000
__Lstrings                 strings      0000
__Ltext                    text         0000
__S0                       (abs)        1000
__S1                       (abs)        00D4
__S2                       (abs)        0000
__S3                       (abs)        0000
__Umul8_16                 text23       0CC3
__Umul8_16@multiplicand    cstackCOMMON 0070
__Umul8_16@multiplier      cstackCOMMON 0078
__Umul8_16@product         cstackCOMMON 0074
__Umul8_16@word_mpld       cstackCOMMON 0076
___bmul                    text9        07E6
___bmul@multiplicand       cstackBANK1  00A0
___bmul@multiplier         cstackBANK1  00A3
___bmul@product            cstackBANK1  00A2
___fldiv                   text24       0389
___fldiv@a                 cstackBANK0  003A
___fldiv@aexp              cstackBANK0  0053
___fldiv@b                 cstackBANK0  003E
___fldiv@bexp              cstackBANK0  0052
___fldiv@grs               cstackBANK0  004E
___fldiv@new_exp           cstackBANK0  004C
___fldiv@rem               cstackBANK0  0047
___fldiv@sign              cstackBANK0  004B
___flmul                   text22       0028
___flmul@a                 cstackBANK0  0024
___flmul@aexp              cstackBANK0  0032
___flmul@b                 cstackBANK0  0020
___flmul@bexp              cstackBANK0  0033
___flmul@grs               cstackBANK0  002E
___flmul@prod              cstackBANK0  0034
___flmul@sign              cstackBANK0  002D
___flmul@temp              cstackBANK0  0038
___fltol                   text21       0E42
___fltol@exp1              cstackBANK0  005E
___fltol@f1                cstackBANK0  0054
___fltol@sign1             cstackBANK0  005D
___int_sp                  stack        0000
___latbits                 (abs)        0002
___lwdiv                   text8        0D4F
___lwdiv@counter           cstackBANK1  00A7
___lwdiv@dividend          cstackBANK1  00A2
___lwdiv@divisor           cstackBANK1  00A0
___lwdiv@quotient          cstackBANK1  00A5
___lwmod                   text7        0D13
___lwmod@counter           cstackBANK1  00AD
___lwmod@dividend          cstackBANK1  00AA
___lwmod@divisor           cstackBANK1  00A8
___sp                      stack        0000
___stackhi                 (abs)        0000
___stacklo                 (abs)        0000
___xxtofl                  text20       06CB
___xxtofl@arg              cstackCOMMON 007A
___xxtofl@exp              cstackCOMMON 0079
___xxtofl@sign             cstackCOMMON 0078
___xxtofl@val              cstackCOMMON 0070
__end_of_ADC_1             text17       0C2B
__end_of_ADC_2             text15       0C42
__end_of__Umul8_16         text23       0CEA
__end_of___bmul            text9        07FD
__end_of___fldiv           text24       0566
__end_of___flmul           text22       0389
__end_of___fltol           text21       0EBE
__end_of___lwdiv           text8        0D95
__end_of___lwmod           text7        0D4F
__end_of___xxtofl          text20       0785
__end_of__initialization   cinit        0024
__end_of__stringtab        strings      0806
__end_of_canal_10          text16       0BF0
__end_of_canal_12          text18       0BE9
__end_of_display           text4        0F5E
__end_of_dpowers           strings      0810
__end_of_isdigit           text6        0C14
__end_of_isr               text19       1000
__end_of_lcd_cmd           text13       0C7F
__end_of_lcd_init          text2        0E42
__end_of_lcd_move_cursor   text12       0C5F
__end_of_lcd_port          text14       0BF8
__end_of_lcd_write_char    text11       0C9F
__end_of_lcd_write_string  text10       0D13
__end_of_main              maintext     07E6
__end_of_semaforo          text3        0CC3
__end_of_setup             text1        0DEB
__end_of_sprintf           text5        06CB
__initialization           cinit        0013
__pbssBANK0                bssBANK0     006A
__pbssBANK1                bssBANK1     00C2
__pcstackBANK0             cstackBANK0  0020
__pcstackBANK1             cstackBANK1  00A0
__pcstackCOMMON            cstackCOMMON 0070
__pintentry                intentry     0004
__pmaintext                maintext     0785
__pstrings                 strings      0800
__ptext1                   text1        0D95
__ptext10                  text10       0CEA
__ptext11                  text11       0C7F
__ptext12                  text12       0C42
__ptext13                  text13       0C5F
__ptext14                  text14       0BF0
__ptext15                  text15       0C2B
__ptext16                  text16       0BE9
__ptext17                  text17       0C14
__ptext18                  text18       0BE2
__ptext19                  text19       0F5E
__ptext2                   text2        0DEB
__ptext20                  text20       06CB
__ptext21                  text21       0E42
__ptext22                  text22       0028
__ptext23                  text23       0CC3
__ptext24                  text24       0389
__ptext3                   text3        0C9F
__ptext4                   text4        0EBE
__ptext5                   text5        0566
__ptext6                   text6        0C00
__ptext7                   text7        0D13
__ptext8                   text8        0D4F
__ptext9                   text9        07E6
__size_of_ADC_1            (abs)        0000
__size_of_ADC_2            (abs)        0000
__size_of__Umul8_16        (abs)        0000
__size_of___bmul           (abs)        0000
__size_of___fldiv          (abs)        0000
__size_of___flmul          (abs)        0000
__size_of___fltol          (abs)        0000
__size_of___lwdiv          (abs)        0000
__size_of___lwmod          (abs)        0000
__size_of___xxtofl         (abs)        0000
__size_of_canal_10         (abs)        0000
__size_of_canal_12         (abs)        0000
__size_of_display          (abs)        0000
__size_of_isdigit          (abs)        0000
__size_of_isr              (abs)        0000
__size_of_lcd_cmd          (abs)        0000
__size_of_lcd_init         (abs)        0000
__size_of_lcd_move_cursor  (abs)        0000
__size_of_lcd_port         (abs)        0000
__size_of_lcd_write_char   (abs)        0000
__size_of_lcd_write_string (abs)        0000
__size_of_main             (abs)        0000
__size_of_semaforo         (abs)        0000
__size_of_setup            (abs)        0000
__size_of_sprintf          (abs)        0000
__stringbase               strings      0805
__stringtab                strings      0800
_adc_data1                 bssBANK1     00C8
_adc_data2                 bssBANK1     00C7
_adc_flag                  bssBANK0     006B
_ban_an1                   bssBANK1     00C4
_ban_an2                   bssBANK1     00C2
_canal_10                  text16       0BE9
_canal_12                  text18       0BE2
_display                   text4        0EBE
_dpowers                   strings      0806
_isdigit                   text6        0C00
_isdigit$907               cstackBANK1  00A0
_isr                       text19       0F5E
_isr$1085                  cstackBANK0  0066
_lcd_cmd                   text13       0C5F
_lcd_init                  text2        0DEB
_lcd_move_cursor           text12       0C42
_lcd_port                  text14       0BF0
_lcd_write_char            text11       0C7F
_lcd_write_string          text10       0CEA
_main                      maintext     0785
_prueba1                   bssBANK0     006F
_semaforo                  text3        0C9F
_setup                     text1        0D95
_sprintf                   text5        0566
_str_pot_a                 bssBANK1     00C9
_str_pot_b                 bssBANK1     00CF
btemp                      (abs)        007E
clear_ram0                 clrtext      0BF8
display@str                cstackBANK1  00BC
end_of_initialization      cinit        0024
interrupt_function         intentry     0004
intlevel0                  functab      0000
intlevel1                  functab      0000
intlevel2                  functab      0000
intlevel3                  functab      0000
intlevel4                  functab      0000
intlevel5                  functab      0000
isdigit@c                  cstackBANK1  00A1
lcd_cmd@cmd                cstackBANK1  00A3
lcd_move_cursor@col        cstackBANK1  00A4
lcd_move_cursor@row        cstackBANK1  00A5
lcd_port@a                 cstackBANK1  00A0
lcd_write_char@data        cstackBANK1  00A3
lcd_write_string@a         cstackBANK1  00A6
lcd_write_string@i         cstackBANK1  00A4
reset_vec                  reset_vec    0000
saved_w                    (abs)        007E
sprintf@ap                 cstackBANK1  00B4
sprintf@c                  cstackBANK1  00BA
sprintf@f                  cstackBANK1  00AE
sprintf@flag               cstackBANK1  00B5
sprintf@prec               cstackBANK1  00B9
sprintf@sp                 cstackBANK1  00B8
sprintf@val                cstackBANK1  00B6
start                      init         0010
start_initialization       cinit        0013
wtemp0                     (abs)        007E


FUNCTION INFORMATION:

 *************** function _main *****************
 Defined at:
		line 44 in file "sensor_temp.c"
 Parameters:    Size  Location     Type
		None
 Auto vars:     Size  Location     Type
		None
 Return value:  Size  Location     Type
                  1    wreg      void 
 Registers used:
		wreg, fsr0l, fsr0h, status,2, status,0, btemp+1, pclath, cstack
 Tracked objects:
		On entry : 
		On exit  : 
		Unchanged: 
 Data sizes:     COMMON   BANK0   BANK1   BANK3   BANK2
      Params:         0       0       0       0       0
      Locals:         0       0       0       0       0
      Temps:          0       0       3       0       0
      Totals:         0       0       3       0       0
Total ram usage:        3 bytes
 Hardware stack levels required when called:    7
 This function calls:
		_ADC_1
		_ADC_2
		_display
		_semaforo
		_setup
		_sprintf
 This function is called by:
		Startup code after reset
 This function uses a non-reentrant model


 *************** function _setup *****************
 Defined at:
		line 151 in file "lib_sensor.c"
 Parameters:    Size  Location     Type
		None
 Auto vars:     Size  Location     Type
		None
 Return value:  Size  Location     Type
                  1    wreg      void 
 Registers used:
		wreg, status,2, status,0, pclath, cstack
 Tracked objects:
		On entry : 
		On exit  : 
		Unchanged: 
 Data sizes:     COMMON   BANK0   BANK1   BANK3   BANK2
      Params:         0       0       0       0       0
      Locals:         0       0       0       0       0
      Temps:          0       0       0       0       0
      Totals:         0       0       0       0       0
Total ram usage:        0 bytes
 Hardware stack levels used:    1
 Hardware stack levels required when called:    6
 This function calls:
		_canal_10
		_lcd_cmd
		_lcd_init
 This function is called by:
		_main
 This function uses a non-reentrant model


 *************** function _lcd_init *****************
 Defined at:
		line 21 in file "lib_sensor.c"
 Parameters:    Size  Location     Type
		None
 Auto vars:     Size  Location     Type
		None
 Return value:  Size  Location     Type
                  1    wreg      void 
 Registers used:
		wreg, status,2, status,0, pclath, cstack
 Tracked objects:
		On entry : 
		On exit  : 
		Unchanged: 
 Data sizes:     COMMON   BANK0   BANK1   BANK3   BANK2
      Params:         0       0       0       0       0
      Locals:         0       0       0       0       0
      Temps:          0       0       2       0       0
      Totals:         0       0       2       0       0
Total ram usage:        2 bytes
 Hardware stack levels used:    1
 Hardware stack levels required when called:    5
 This function calls:
		_lcd_cmd
		_lcd_port
 This function is called by:
		_setup
 This function uses a non-reentrant model


 *************** function _semaforo *****************
 Defined at:
		line 150 in file "sensor_temp.c"
 Parameters:    Size  Location     Type
		None
 Auto vars:     Size  Location     Type
		None
 Return value:  Size  Location     Type
                  1    wreg      void 
 Registers used:
		wreg
 Tracked objects:
		On entry : 
		On exit  : 
		Unchanged: 
 Data sizes:     COMMON   BANK0   BANK1   BANK3   BANK2
      Params:         0       0       0       0       0
      Locals:         0       0       0       0       0
      Temps:          0       0       0       0       0
      Totals:         0       0       0       0       0
Total ram usage:        0 bytes
 Hardware stack levels used:    1
 Hardware stack levels required when called:    3
 This function calls:
		Nothing
 This function is called by:
		_main
 This function uses a non-reentrant model


 *************** function _display *****************
 Defined at:
		line 65 in file "sensor_temp.c"
 Parameters:    Size  Location     Type
		None
 Auto vars:     Size  Location     Type
  str             3   28[BANK1 ] PTR unsigned char [3]
		 -> ?_sprintf(2), 
 Return value:  Size  Location     Type
                  1    wreg      void 
 Registers used:
		wreg, fsr0l, fsr0h, status,2, status,0, btemp+1, pclath, cstack
 Tracked objects:
		On entry : 
		On exit  : 
		Unchanged: 
 Data sizes:     COMMON   BANK0   BANK1   BANK3   BANK2
      Params:         0       0       0       0       0
      Locals:         0       0       3       0       0
      Temps:          0       0       1       0       0
      Totals:         0       0       4       0       0
Total ram usage:        4 bytes
 Hardware stack levels used:    1
 Hardware stack levels required when called:    6
 This function calls:
		_lcd_move_cursor
		_lcd_write_char
		_lcd_write_string
		_sprintf
 This function is called by:
		_main
 This function uses a non-reentrant model


 *************** function _sprintf *****************
 Defined at:
		line 505 in file "C:\Program Files\Microchip\xc8\v2.31\pic\sources\c90\common\doprnt.c"
 Parameters:    Size  Location     Type
  sp              1    wreg     PTR unsigned char 
		 -> display@str(3), str_pot_b(5), str_pot_a(6), 
  f               1   14[BANK1 ] PTR const unsigned char 
		 -> STR_4(5), STR_2(8), STR_1(7), 
 Auto vars:     Size  Location     Type
  sp              1   24[BANK1 ] PTR unsigned char 
		 -> display@str(3), str_pot_b(5), str_pot_a(6), 
  tmpval          4    0        struct .
  val             2   22[BANK1 ] unsigned int 
  cp              2    0        PTR const unsigned char 
  len             2    0        unsigned int 
  c               1   26[BANK1 ] unsigned char 
  prec            1   25[BANK1 ] char 
  flag            1   21[BANK1 ] unsigned char 
  ap              1   20[BANK1 ] PTR void [1]
		 -> ?_sprintf(2), 
 Return value:  Size  Location     Type
                  2   14[BANK1 ] int 
 Registers used:
		wreg, fsr0l, fsr0h, status,2, status,0, btemp+1, pclath, cstack
 Tracked objects:
		On entry : 
		On exit  : 
		Unchanged: 
 Data sizes:     COMMON   BANK0   BANK1   BANK3   BANK2
      Params:         0       0       3       0       0
      Locals:         0       0       7       0       0
      Temps:          0       0       3       0       0
      Totals:         0       0      13       0       0
Total ram usage:       13 bytes
 Hardware stack levels used:    1
 Hardware stack levels required when called:    4
 This function calls:
		___bmul
		___lwdiv
		___lwmod
		_isdigit
 This function is called by:
		_main
		_display
 This function uses a non-reentrant model


 *************** function _isdigit *****************
 Defined at:
		line 8 in file "C:\Program Files\Microchip\xc8\v2.31\pic\sources\c90\common\isdigit.c"
 Parameters:    Size  Location     Type
  c               1    wreg     unsigned char 
 Auto vars:     Size  Location     Type
  c               1    1[BANK1 ] unsigned char 
 Return value:  Size  Location     Type
		None               void
 Registers used:
		wreg, status,2, status,0
 Tracked objects:
		On entry : 
		On exit  : 
		Unchanged: 
 Data sizes:     COMMON   BANK0   BANK1   BANK3   BANK2
      Params:         0       0       0       0       0
      Locals:         0       0       2       0       0
      Temps:          0       0       0       0       0
      Totals:         0       0       2       0       0
Total ram usage:        2 bytes
 Hardware stack levels used:    1
 Hardware stack levels required when called:    3
 This function calls:
		Nothing
 This function is called by:
		_sprintf
 This function uses a non-reentrant model


 *************** function ___lwmod *****************
 Defined at:
		line 5 in file "C:\Program Files\Microchip\xc8\v2.31\pic\sources\c90\common\lwmod.c"
 Parameters:    Size  Location     Type
  divisor         2    8[BANK1 ] unsigned int 
  dividend        2   10[BANK1 ] unsigned int 
 Auto vars:     Size  Location     Type
  counter         1   13[BANK1 ] unsigned char 
 Return value:  Size  Location     Type
                  2    8[BANK1 ] unsigned int 
 Registers used:
		wreg, status,2, status,0
 Tracked objects:
		On entry : 
		On exit  : 
		Unchanged: 
 Data sizes:     COMMON   BANK0   BANK1   BANK3   BANK2
      Params:         0       0       4       0       0
      Locals:         0       0       1       0       0
      Temps:          0       0       1       0       0
      Totals:         0       0       6       0       0
Total ram usage:        6 bytes
 Hardware stack levels used:    1
 Hardware stack levels required when called:    3
 This function calls:
		Nothing
 This function is called by:
		_sprintf
 This function uses a non-reentrant model


 *************** function ___lwdiv *****************
 Defined at:
		line 5 in file "C:\Program Files\Microchip\xc8\v2.31\pic\sources\c90\common\lwdiv.c"
 Parameters:    Size  Location     Type
  divisor         2    0[BANK1 ] unsigned int 
  dividend        2    2[BANK1 ] unsigned int 
 Auto vars:     Size  Location     Type
  quotient        2    5[BANK1 ] unsigned int 
  counter         1    7[BANK1 ] unsigned char 
 Return value:  Size  Location     Type
                  2    0[BANK1 ] unsigned int 
 Registers used:
		wreg, status,2, status,0
 Tracked objects:
		On entry : 
		On exit  : 
		Unchanged: 
 Data sizes:     COMMON   BANK0   BANK1   BANK3   BANK2
      Params:         0       0       4       0       0
      Locals:         0       0       3       0       0
      Temps:          0       0       1       0       0
      Totals:         0       0       8       0       0
Total ram usage:        8 bytes
 Hardware stack levels used:    1
 Hardware stack levels required when called:    3
 This function calls:
		Nothing
 This function is called by:
		_sprintf
 This function uses a non-reentrant model


 *************** function ___bmul *****************
 Defined at:
		line 4 in file "C:\Program Files\Microchip\xc8\v2.31\pic\sources\c90\common\Umul8.c"
 Parameters:    Size  Location     Type
  multiplier      1    wreg     unsigned char 
  multiplicand    1    0[BANK1 ] unsigned char 
 Auto vars:     Size  Location     Type
  multiplier      1    3[BANK1 ] unsigned char 
  product         1    2[BANK1 ] unsigned char 
 Return value:  Size  Location     Type
                  1    wreg      unsigned char 
 Registers used:
		wreg, status,2, status,0
 Tracked objects:
		On entry : 
		On exit  : 
		Unchanged: 
 Data sizes:     COMMON   BANK0   BANK1   BANK3   BANK2
      Params:         0       0       1       0       0
      Locals:         0       0       2       0       0
      Temps:          0       0       1       0       0
      Totals:         0       0       4       0       0
Total ram usage:        4 bytes
 Hardware stack levels used:    1
 Hardware stack levels required when called:    3
 This function calls:
		Nothing
 This function is called by:
		_sprintf
 This function uses a non-reentrant model


 *************** function _lcd_write_string *****************
 Defined at:
		line 129 in file "lib_sensor.c"
 Parameters:    Size  Location     Type
  a               1    wreg     PTR unsigned char 
		 -> STR_3(17), 
 Auto vars:     Size  Location     Type
  a               1    6[BANK1 ] PTR unsigned char 
		 -> STR_3(17), 
  i               2    4[BANK1 ] int 
 Return value:  Size  Location     Type
                  1    wreg      void 
 Registers used:
		wreg, fsr0l, fsr0h, status,2, status,0, pclath, cstack
 Tracked objects:
		On entry : 
		On exit  : 
		Unchanged: 
 Data sizes:     COMMON   BANK0   BANK1   BANK3   BANK2
      Params:         0       0       0       0       0
      Locals:         0       0       3       0       0
      Temps:          0       0       0       0       0
      Totals:         0       0       3       0       0
Total ram usage:        3 bytes
 Hardware stack levels used:    1
 Hardware stack levels required when called:    5
 This function calls:
		_lcd_write_char
 This function is called by:
		_display
 This function uses a non-reentrant model


 *************** function _lcd_write_char *****************
 Defined at:
		line 119 in file "lib_sensor.c"
 Parameters:    Size  Location     Type
  data            1    wreg     unsigned char 
 Auto vars:     Size  Location     Type
  data            1    3[BANK1 ] unsigned char 
 Return value:  Size  Location     Type
                  1    wreg      void 
 Registers used:
		wreg, status,2, status,0, pclath, cstack
 Tracked objects:
		On entry : 
		On exit  : 
		Unchanged: 
 Data sizes:     COMMON   BANK0   BANK1   BANK3   BANK2
      Params:         0       0       0       0       0
      Locals:         0       0       1       0       0
      Temps:          0       0       2       0       0
      Totals:         0       0       3       0       0
Total ram usage:        3 bytes
 Hardware stack levels used:    1
 Hardware stack levels required when called:    4
 This function calls:
		_lcd_port
 This function is called by:
		_display
		_lcd_write_string
 This function uses a non-reentrant model


 *************** function _lcd_move_cursor *****************
 Defined at:
		line 107 in file "lib_sensor.c"
 Parameters:    Size  Location     Type
  row             1    wreg     unsigned char 
  col             1    4[BANK1 ] unsigned char 
 Auto vars:     Size  Location     Type
  row             1    5[BANK1 ] unsigned char 
 Return value:  Size  Location     Type
                  1    wreg      void 
 Registers used:
		wreg, status,2, status,0, pclath, cstack
 Tracked objects:
		On entry : 
		On exit  : 
		Unchanged: 
 Data sizes:     COMMON   BANK0   BANK1   BANK3   BANK2
      Params:         0       0       1       0       0
      Locals:         0       0       1       0       0
      Temps:          0       0       0       0       0
      Totals:         0       0       2       0       0
Total ram usage:        2 bytes
 Hardware stack levels used:    1
 Hardware stack levels required when called:    5
 This function calls:
		_lcd_cmd
 This function is called by:
		_display
 This function uses a non-reentrant model


 *************** function _lcd_cmd *****************
 Defined at:
		line 90 in file "lib_sensor.c"
 Parameters:    Size  Location     Type
  cmd             1    wreg     unsigned char 
 Auto vars:     Size  Location     Type
  cmd             1    3[BANK1 ] unsigned char 
 Return value:  Size  Location     Type
                  1    wreg      void 
 Registers used:
		wreg, status,2, status,0, pclath, cstack
 Tracked objects:
		On entry : 
		On exit  : 
		Unchanged: 
 Data sizes:     COMMON   BANK0   BANK1   BANK3   BANK2
      Params:         0       0       0       0       0
      Locals:         0       0       1       0       0
      Temps:          0       0       2       0       0
      Totals:         0       0       3       0       0
Total ram usage:        3 bytes
 Hardware stack levels used:    1
 Hardware stack levels required when called:    4
 This function calls:
		_lcd_port
 This function is called by:
		_lcd_init
		_lcd_move_cursor
		_setup
		_lcd_clear
		_lcd_shift_right
		_lcd_shift_left
 This function uses a non-reentrant model


 *************** function _lcd_port *****************
 Defined at:
		line 41 in file "lib_sensor.c"
 Parameters:    Size  Location     Type
  a               1    wreg     unsigned char 
 Auto vars:     Size  Location     Type
  a               1    0[BANK1 ] unsigned char 
 Return value:  Size  Location     Type
                  1    wreg      void 
 Registers used:
		wreg
 Tracked objects:
		On entry : 
		On exit  : 
		Unchanged: 
 Data sizes:     COMMON   BANK0   BANK1   BANK3   BANK2
      Params:         0       0       0       0       0
      Locals:         0       0       1       0       0
      Temps:          0       0       0       0       0
      Totals:         0       0       1       0       0
Total ram usage:        1 bytes
 Hardware stack levels used:    1
 Hardware stack levels required when called:    3
 This function calls:
		Nothing
 This function is called by:
		_lcd_init
		_lcd_cmd
		_lcd_write_char
 This function uses a non-reentrant model


 *************** function _ADC_2 *****************
 Defined at:
		line 121 in file "sensor_temp.c"
 Parameters:    Size  Location     Type
		None
 Auto vars:     Size  Location     Type
		None
 Return value:  Size  Location     Type
                  1    wreg      void 
 Registers used:
		wreg, status,2, status,0, pclath, cstack
 Tracked objects:
		On entry : 
		On exit  : 
		Unchanged: 
 Data sizes:     COMMON   BANK0   BANK1   BANK3   BANK2
      Params:         0       0       0       0       0
      Locals:         0       0       0       0       0
      Temps:          0       0       1       0       0
      Totals:         0       0       1       0       0
Total ram usage:        1 bytes
 Hardware stack levels used:    1
 Hardware stack levels required when called:    4
 This function calls:
		_canal_10
 This function is called by:
		_main
 This function uses a non-reentrant model


 *************** function _canal_10 *****************
 Defined at:
		line 94 in file "sensor_temp.c"
 Parameters:    Size  Location     Type
		None
 Auto vars:     Size  Location     Type
		None
 Return value:  Size  Location     Type
                  1    wreg      void 
 Registers used:
		None
 Tracked objects:
		On entry : 
		On exit  : 
		Unchanged: 
 Data sizes:     COMMON   BANK0   BANK1   BANK3   BANK2
      Params:         0       0       0       0       0
      Locals:         0       0       0       0       0
      Temps:          0       0       0       0       0
      Totals:         0       0       0       0       0
Total ram usage:        0 bytes
 Hardware stack levels used:    1
 Hardware stack levels required when called:    3
 This function calls:
		Nothing
 This function is called by:
		_ADC_2
		_setup
 This function uses a non-reentrant model


 *************** function _ADC_1 *****************
 Defined at:
		line 112 in file "sensor_temp.c"
 Parameters:    Size  Location     Type
		None
 Auto vars:     Size  Location     Type
		None
 Return value:  Size  Location     Type
                  1    wreg      void 
 Registers used:
		wreg, status,2, status,0, pclath, cstack
 Tracked objects:
		On entry : 
		On exit  : 
		Unchanged: 
 Data sizes:     COMMON   BANK0   BANK1   BANK3   BANK2
      Params:         0       0       0       0       0
      Locals:         0       0       0       0       0
      Temps:          0       0       1       0       0
      Totals:         0       0       1       0       0
Total ram usage:        1 bytes
 Hardware stack levels used:    1
 Hardware stack levels required when called:    4
 This function calls:
		_canal_12
 This function is called by:
		_main
 This function uses a non-reentrant model


 *************** function _canal_12 *****************
 Defined at:
		line 103 in file "sensor_temp.c"
 Parameters:    Size  Location     Type
		None
 Auto vars:     Size  Location     Type
		None
 Return value:  Size  Location     Type
                  1    wreg      void 
 Registers used:
		None
 Tracked objects:
		On entry : 
		On exit  : 
		Unchanged: 
 Data sizes:     COMMON   BANK0   BANK1   BANK3   BANK2
      Params:         0       0       0       0       0
      Locals:         0       0       0       0       0
      Temps:          0       0       0       0       0
      Totals:         0       0       0       0       0
Total ram usage:        0 bytes
 Hardware stack levels used:    1
 Hardware stack levels required when called:    3
 This function calls:
		Nothing
 This function is called by:
		_ADC_1
 This function uses a non-reentrant model


 *************** function _isr *****************
 Defined at:
		line 133 in file "sensor_temp.c"
 Parameters:    Size  Location     Type
		None
 Auto vars:     Size  Location     Type
		None
 Return value:  Size  Location     Type
                  1    wreg      void 
 Registers used:
		wreg, status,2, status,0, btemp+1, pclath, cstack
 Tracked objects:
		On entry : 
		On exit  : 
		Unchanged: 
 Data sizes:     COMMON   BANK0   BANK1   BANK3   BANK2
      Params:         0       0       0       0       0
      Locals:         0       4       0       0       0
      Temps:          0       7       0       0       0
      Totals:         0      11       0       0       0
Total ram usage:       11 bytes
 Hardware stack levels used:    1
 Hardware stack levels required when called:    2
 This function calls:
		___fldiv
		___flmul
		___fltol
		___xxtofl
 This function is called by:
		Interrupt level 1
 This function uses a non-reentrant model


 *************** function ___xxtofl *****************
 Defined at:
		line 10 in file "C:\Program Files\Microchip\xc8\v2.31\pic\sources\c90\common\xxtofl.c"
 Parameters:    Size  Location     Type
  sign            1    wreg     unsigned char 
  val             4    0[COMMON] long 
 Auto vars:     Size  Location     Type
  sign            1    8[COMMON] unsigned char 
  arg             4   10[COMMON] unsigned long 
  exp             1    9[COMMON] unsigned char 
 Return value:  Size  Location     Type
                  4    0[COMMON] unsigned char 
 Registers used:
		wreg, status,2, status,0
 Tracked objects:
		On entry : 
		On exit  : 
		Unchanged: 
 Data sizes:     COMMON   BANK0   BANK1   BANK3   BANK2
      Params:         4       0       0       0       0
      Locals:         6       0       0       0       0
      Temps:          4       0       0       0       0
      Totals:        14       0       0       0       0
Total ram usage:       14 bytes
 Hardware stack levels used:    1
 This function calls:
		Nothing
 This function is called by:
		_isr
 This function uses a non-reentrant model


 *************** function ___fltol *****************
 Defined at:
		line 43 in file "C:\Program Files\Microchip\xc8\v2.31\pic\sources\c90\common\fltol.c"
 Parameters:    Size  Location     Type
  f1              4   52[BANK0 ] unsigned char 
 Auto vars:     Size  Location     Type
  exp1            1   62[BANK0 ] unsigned char 
  sign1           1   61[BANK0 ] unsigned char 
 Return value:  Size  Location     Type
                  4   52[BANK0 ] long 
 Registers used:
		wreg, status,2, status,0
 Tracked objects:
		On entry : 
		On exit  : 
		Unchanged: 
 Data sizes:     COMMON   BANK0   BANK1   BANK3   BANK2
      Params:         0       4       0       0       0
      Locals:         0       2       0       0       0
      Temps:          0       5       0       0       0
      Totals:         0      11       0       0       0
Total ram usage:       11 bytes
 Hardware stack levels used:    1
 This function calls:
		Nothing
 This function is called by:
		_isr
 This function uses a non-reentrant model


 *************** function ___flmul *****************
 Defined at:
		line 8 in file "C:\Program Files\Microchip\xc8\v2.31\pic\sources\c90\common\sprcmul.c"
 Parameters:    Size  Location     Type
  b               4    0[BANK0 ] long 
  a               4    4[BANK0 ] long 
 Auto vars:     Size  Location     Type
  prod            4   20[BANK0 ] struct .
  grs             4   14[BANK0 ] unsigned long 
  temp            2   24[BANK0 ] struct .
  bexp            1   19[BANK0 ] unsigned char 
  aexp            1   18[BANK0 ] unsigned char 
  sign            1   13[BANK0 ] unsigned char 
 Return value:  Size  Location     Type
                  4    0[BANK0 ] unsigned char 
 Registers used:
		wreg, status,2, status,0, btemp+1, pclath, cstack
 Tracked objects:
		On entry : 
		On exit  : 
		Unchanged: 
 Data sizes:     COMMON   BANK0   BANK1   BANK3   BANK2
      Params:         0       8       0       0       0
      Locals:         0      13       0       0       0
      Temps:          0       5       0       0       0
      Totals:         0      26       0       0       0
Total ram usage:       26 bytes
 Hardware stack levels used:    1
 Hardware stack levels required when called:    1
 This function calls:
		__Umul8_16
 This function is called by:
		_isr
 This function uses a non-reentrant model


 *************** function __Umul8_16 *****************
 Defined at:
		line 4 in file "C:\Program Files\Microchip\xc8\v2.31\pic\sources\c90\common\Umul8_16.c"
 Parameters:    Size  Location     Type
  multiplier      1    wreg     unsigned char 
  multiplicand    1    0[COMMON] unsigned char 
 Auto vars:     Size  Location     Type
  multiplier      1    8[COMMON] unsigned char 
  word_mpld       2    6[COMMON] unsigned int 
  product         2    4[COMMON] unsigned int 
 Return value:  Size  Location     Type
                  2    0[COMMON] unsigned int 
 Registers used:
		wreg, status,2, status,0
 Tracked objects:
		On entry : 
		On exit  : 
		Unchanged: 
 Data sizes:     COMMON   BANK0   BANK1   BANK3   BANK2
      Params:         2       0       0       0       0
      Locals:         5       0       0       0       0
      Temps:          2       0       0       0       0
      Totals:         9       0       0       0       0
Total ram usage:        9 bytes
 Hardware stack levels used:    1
 This function calls:
		Nothing
 This function is called by:
		___flmul
 This function uses a non-reentrant model


 *************** function ___fldiv *****************
 Defined at:
		line 8 in file "C:\Program Files\Microchip\xc8\v2.31\pic\sources\c90\common\sprcdiv.c"
 Parameters:    Size  Location     Type
  a               4   26[BANK0 ] unsigned int 
  b               4   30[BANK0 ] unsigned int 
 Auto vars:     Size  Location     Type
  grs             4   46[BANK0 ] unsigned long 
  rem             4   39[BANK0 ] unsigned long 
  new_exp         2   44[BANK0 ] int 
  aexp            1   51[BANK0 ] unsigned char 
  bexp            1   50[BANK0 ] unsigned char 
  sign            1   43[BANK0 ] unsigned char 
 Return value:  Size  Location     Type
                  4   26[BANK0 ] unsigned char 
 Registers used:
		wreg, status,2, status,0, btemp+1
 Tracked objects:
		On entry : 
		On exit  : 
		Unchanged: 
 Data sizes:     COMMON   BANK0   BANK1   BANK3   BANK2
      Params:         0       8       0       0       0
      Locals:         0      13       0       0       0
      Temps:          0       5       0       0       0
      Totals:         0      26       0       0       0
Total ram usage:       26 bytes
 Hardware stack levels used:    1
 This function calls:
		Nothing
 This function is called by:
		_isr
 This function uses a non-reentrant model



MODULE INFORMATION

Module		Function		Class		Link	Load	Size
C:\Program Files\Microchip\xc8\v2.31\pic\sources\c90\common\sprcmul.c
		___flmul       		CODE           	0028	0000	865

C:\Program Files\Microchip\xc8\v2.31\pic\sources\c90\common\sprcmul.c estimated size: 865

C:\Program Files\Microchip\xc8\v2.31\pic\sources\c90\common\sprcdiv.c
		___fldiv       		CODE           	0389	0000	477

C:\Program Files\Microchip\xc8\v2.31\pic\sources\c90\common\sprcdiv.c estimated size: 477

C:\Program Files\Microchip\xc8\v2.31\pic\sources\c90\common\Umul8_16.c
		__Umul8_16     		CODE           	0CC3	0000	39

C:\Program Files\Microchip\xc8\v2.31\pic\sources\c90\common\Umul8_16.c estimated size: 39

C:\Program Files\Microchip\xc8\v2.31\pic\sources\c90\common\doprnt.c
		_sprintf       		CODE           	0566	0000	357

C:\Program Files\Microchip\xc8\v2.31\pic\sources\c90\common\doprnt.c estimated size: 357

C:\Program Files\Microchip\xc8\v2.31\pic\sources\c90\common\lwmod.c
		___lwmod       		CODE           	0D13	0000	60

C:\Program Files\Microchip\xc8\v2.31\pic\sources\c90\common\lwmod.c estimated size: 60

C:\Program Files\Microchip\xc8\v2.31\pic\sources\c90\common\isdigit.c
		_isdigit       		CODE           	0C00	0000	20

C:\Program Files\Microchip\xc8\v2.31\pic\sources\c90\common\isdigit.c estimated size: 20

C:\Program Files\Microchip\xc8\v2.31\pic\sources\c90\common\lwdiv.c
		___lwdiv       		CODE           	0D4F	0000	70

C:\Program Files\Microchip\xc8\v2.31\pic\sources\c90\common\lwdiv.c estimated size: 70

shared
		__stringtab    		STRING         	0800	0000	6
		_dpowers       		STRING         	0806	0000	10
		__initialization		CODE           	0013	0000	17

shared estimated size: 33

C:\Program Files\Microchip\xc8\v2.31\pic\sources\c90\common\fltol.c
		___fltol       		CODE           	0E42	0000	124

C:\Program Files\Microchip\xc8\v2.31\pic\sources\c90\common\fltol.c estimated size: 124

C:\Program Files\Microchip\xc8\v2.31\pic\sources\c90\common\xxtofl.c
		___xxtofl      		CODE           	06CB	0000	186

C:\Program Files\Microchip\xc8\v2.31\pic\sources\c90\common\xxtofl.c estimated size: 186

C:\Program Files\Microchip\xc8\v2.31\pic\sources\c90\common\Umul8.c
		___bmul        		CODE           	07E6	0000	23

C:\Program Files\Microchip\xc8\v2.31\pic\sources\c90\common\Umul8.c estimated size: 23

lib_sensor.c
		_lcd_write_char		CODE           	0C7F	0000	32
		_lcd_cmd       		CODE           	0C5F	0000	32
		_lcd_move_cursor		CODE           	0C42	0000	29
		_lcd_port      		CODE           	0BF0	0000	8
		_setup         		CODE           	0D95	0000	86
		_lcd_write_string		CODE           	0CEA	0000	41
		_lcd_init      		CODE           	0DEB	0000	87

lib_sensor.c estimated size: 315

sensor_temp.c
		_display       		CODE           	0EBE	0000	160
		_canal_10      		CODE           	0BE9	0000	7
		_canal_12      		CODE           	0BE2	0000	7
		_main          		CODE           	0785	0000	97
		_isr           		CODE           	0F5E	0000	162
		_semaforo      		CODE           	0C9F	0000	36
		_ADC_1         		CODE           	0C14	0000	23
		_ADC_2         		CODE           	0C2B	0000	23

sensor_temp.c estimated size: 515

