Microchip MPLAB XC8 Compiler V2.31

Linker command line:

-W-3 --edf=C:\Program Files\Microchip\xc8\v2.31\pic\dat\en_msgs.txt -cn \
  -h+dist/default/production\Sensor.X.production.sym \
  --cmf=dist/default/production\Sensor.X.production.cmf -z -Q16F887 \
  -oC:\Users\Daniel\AppData\Local\Temp\s1fk.2 --defsym=__MPLAB_BUILD=1 \
  -Mdist/default/production/Sensor.X.production.map -E1 -ver=XC8 Compiler \
  --acfsm=1493 -ASTACK=0110h-016Fh -pstack=STACK -ACODE=00h-07FFhx4 \
  -ASTRCODE=00h-01FFFh -ASTRING=00h-0FFhx32 -ACONST=00h-0FFhx32 \
  -AENTRY=00h-0FFhx32 -ACOMMON=070h-07Fh -ABANK0=020h-06Fh \
  -ABANK1=0A0h-0EFh -ABANK2=0110h-016Fh -ABANK3=0190h-01EFh \
  -ARAM=020h-06Fh,0A0h-0EFh,0110h-016Fh,0190h-01EFh \
  -AABS1=020h-07Fh,0A0h-0EFh,0110h-016Fh,0190h-01EFh -ASFR0=00h-01Fh \
  -ASFR1=080h-09Fh -ASFR2=0100h-010Fh -ASFR3=0180h-018Fh \
  -ACONFIG=02007h-02008h -DCONFIG=2 -AIDLOC=02000h-02003h -DIDLOC=2 \
  -AEEDATA=00h-0FFh/02100h -peeprom_data=EEDATA -DEEDATA=2 -DCODE=2 \
  -DSTRCODE=2 -DSTRING=2 -DCONST=2 -DENTRY=2 \
  -preset_vec=00h,intentry=04h,init,end_init -ppowerup=CODE -pcinit=CODE \
  -pfunctab=ENTRY -k C:\Users\Daniel\AppData\Local\Temp\s1fk.o \
  dist/default/production\Sensor.X.production.o 

Object code version is 3.11

Machine type is 16F887



                Name                               Link     Load   Length Selector   Space Scale
C:\Users\Daniel\AppData\Local\Temp\s1fk.o
                end_init                              C        C        3        8       0
                reset_vec                             0        0        3        0       0
                config                             2007     2007        2        0       4
dist/default/production\Sensor.X.production.o
                cinit                                 F        F       10        8       0
                intentry                              4        4        8        8       0
                config                             2007     2007        2        0       4
                text18                              407      407       26      7BC       0
                text17                              4DE      4DE        7      7BC       0
                text16                              4A8      4A8       15      7BC       0
                text15                              4D7      4D7        7      7BC       0
                text14                              493      493       15      7BC       0
                text13                              4E5      4E5        6      7BC       0
                text12                              464      464       1A      7BC       0
                text11                              42D      42D       1D      7BC       0
                text10                              44A      44A       1A      7BC       0
                text9                               3DE      3DE       29      7BC       0
                text8                               47E      47E       15      7BC       0
                text7                               328      328       46        8       0
                text6                               36E      36E       3C        8       0
                text5                               4BD      4BD       12      7BC       0
                text4                                1F       1F      165        8       0
                text3                               184      184       9C        8       0
                text2                               2D1      2D1       57        8       0
                text1                               220      220       59        8       0
                maintext                            279      279       58        8       0
                cstackBANK0                          20       20       1D       20       1
                cstackCOMMON                         70       70        8       70       1
                clrtext                             4CF      4CF        8      7BC       0
                bssBANK0                             3D       3D       13       20       1
                bssCOMMON                            78       78        3       70       1
                strings                             3AA      3AA       34      754       0

TOTAL           Name                               Link     Load   Length     Space
        CLASS   STACK          

        CLASS   CODE           
                end_init                              C        C        3         0
                cinit                                 F        F       10         0
                intentry                              4        4        8         0
                reset_vec                             0        0        3         0
                text18                              407      407       26         0
                text17                              4DE      4DE        7         0
                text16                              4A8      4A8       15         0
                text15                              4D7      4D7        7         0
                text14                              493      493       15         0
                text13                              4E5      4E5        6         0
                text12                              464      464       1A         0
                text11                              42D      42D       1D         0
                text10                              44A      44A       1A         0
                text9                               3DE      3DE       29         0
                text8                               47E      47E       15         0
                text7                               328      328       46         0
                text6                               36E      36E       3C         0
                text5                               4BD      4BD       12         0
                text4                                1F       1F      165         0
                text3                               184      184       9C         0
                text2                               2D1      2D1       57         0
                text1                               220      220       59         0
                maintext                            279      279       58         0
                clrtext                             4CF      4CF        8         0

        CLASS   STRCODE        

        CLASS   STRING         
                strings                             3AA      3AA       34         0

        CLASS   CONST          

        CLASS   ENTRY          

        CLASS   COMMON         
                cstackCOMMON                         70       70        8         1
                bssCOMMON                            78       78        3         1

        CLASS   BANK0          
                cstackBANK0                          20       20       1D         1
                bssBANK0                             3D       3D       13         1

        CLASS   BANK1          

        CLASS   BANK2          

        CLASS   BANK3          

        CLASS   RAM            

        CLASS   ABS1           
                abs_s1                               7E       7E        2         1

        CLASS   SFR0           

        CLASS   SFR1           

        CLASS   SFR2           

        CLASS   SFR3           

        CLASS   CONFIG         
                config                             2007     2007        2         4

        CLASS   IDLOC          

        CLASS   EEDATA         



SEGMENTS        Name                           Load    Length   Top    Selector   Space  Class     Delta

                reset_vec                      000000  000003  000003         0       0  CODE        2
                intentry                       000004  0003A6  0003AA         8       0  CODE        2
                cstackBANK0                    000020  000030  000050        20       1  BANK0       1
                cstackCOMMON                   000070  00000B  00007B        70       1  COMMON      1
                strings                        0003AA  000034  0003DE       754       0  STRING      2
                text9                          0003DE  00010D  0004EB       7BC       0  CODE        2


UNUSED ADDRESS RANGES

        Name                Unused          Largest block    Delta
        BANK0            0050-006F             20           1
        BANK1            00A0-00EF             50           1
        BANK2            0110-016F             60           1
        BANK3            0190-01EF             60           1
        CODE             0003-0003              1           2
                         04EB-1FFF            800
        COMMON           007B-007D              3           1
        CONST            0003-0003              1           2
                         04EB-1FFF            100
        EEDATA           2100-21FF            100           2
        ENTRY            0003-0003              1           2
                         04EB-1FFF            100
        IDLOC            2000-2003              4           2
        RAM              0050-006F             20           1
                         00A0-00EF             50
                         0110-016F             60
                         0190-01EF             60
        SFR0             0000-001F             20           1
        SFR1             0080-009F             20           1
        SFR2             0100-010F             10           1
        SFR3             0180-018F             10           1
        STACK            0110-016F             60           1
        STRCODE          0003-0003              1           2
                         04EB-1FFF           1B15
        STRING           0003-0003              1           2
                         04EB-1FFF            100

                                  Symbol Table

?___lwdiv                  cstackCOMMON 0073
?___lwmod                  cstackBANK0  0023
?_sprintf                  cstackBANK0  0029
_ADCON0bits                (abs)        001F
_ADCON1bits                (abs)        009F
_ADC_1                     text16       04A8
_ADC_2                     text14       0493
_ADRESH                    (abs)        001E
_ANSEL                     (abs)        0188
_ANSELH                    (abs)        0189
_ANSELHbits                (abs)        0189
_INTCONbits                (abs)        000B
_IOCB                      (abs)        0096
_OPTION_REGbits            (abs)        0081
_OSCCON                    (abs)        008F
_PIE1bits                  (abs)        008C
_PIR1bits                  (abs)        000C
_PORTA                     (abs)        0005
_PORTB                     (abs)        0006
_PORTC                     (abs)        0007
_PORTD                     (abs)        0008
_PORTE                     (abs)        0009
_PORTEbits                 (abs)        0009
_TMR0                      (abs)        0001
_TRISA                     (abs)        0085
_TRISB                     (abs)        0086
_TRISC                     (abs)        0087
_TRISD                     (abs)        0088
_TRISE                     (abs)        0089
__Habs1                    abs1         0000
__Hbank0                   bank0        0000
__Hbank1                   bank1        0000
__Hbank2                   bank2        0000
__Hbank3                   bank3        0000
__HbssBANK0                bssBANK0     0000
__HbssCOMMON               bssCOMMON    0000
__Hcinit                   cinit        001F
__Hclrtext                 clrtext      0000
__Hcode                    code         0000
__Hcommon                  common       0000
__Hconfig                  config       2009
__HcstackBANK0             cstackBANK0  0000
__HcstackCOMMON            cstackCOMMON 0000
__Heeprom_data             eeprom_data  0000
__Hend_init                end_init     000F
__Hfunctab                 functab      0000
__Hinit                    init         000C
__Hintentry                intentry     000C
__Hmaintext                maintext     0000
__Hpowerup                 powerup      0000
__Hram                     ram          0000
__Hreset_vec               reset_vec    0003
__Hsfr0                    sfr0         0000
__Hsfr1                    sfr1         0000
__Hsfr2                    sfr2         0000
__Hsfr3                    sfr3         0000
__Hspace_0                 (abs)        04EB
__Hspace_1                 (abs)        007B
__Hspace_2                 (abs)        0000
__Hspace_3                 (abs)        0000
__Hspace_4                 (abs)        4010
__Hstack                   stack        0000
__Hstrings                 strings      0000
__Htext                    text         0000
__Labs1                    abs1         0000
__Lbank0                   bank0        0000
__Lbank1                   bank1        0000
__Lbank2                   bank2        0000
__Lbank3                   bank3        0000
__LbssBANK0                bssBANK0     0000
__LbssCOMMON               bssCOMMON    0000
__Lcinit                   cinit        000F
__Lclrtext                 clrtext      0000
__Lcode                    code         0000
__Lcommon                  common       0000
__Lconfig                  config       0000
__LcstackBANK0             cstackBANK0  0000
__LcstackCOMMON            cstackCOMMON 0000
__Leeprom_data             eeprom_data  0000
__Lend_init                end_init     000C
__Lfunctab                 functab      0000
__Linit                    init         000C
__Lintentry                intentry     0004
__Lmaintext                maintext     0000
__Lpowerup                 powerup      0000
__Lram                     ram          0000
__Lreset_vec               reset_vec    0000
__Lsfr0                    sfr0         0000
__Lsfr1                    sfr1         0000
__Lsfr2                    sfr2         0000
__Lsfr3                    sfr3         0000
__Lspace_0                 (abs)        0000
__Lspace_1                 (abs)        0000
__Lspace_2                 (abs)        0000
__Lspace_3                 (abs)        0000
__Lspace_4                 (abs)        0000
__Lstack                   stack        0000
__Lstrings                 strings      0000
__Ltext                    text         0000
__S0                       (abs)        04EB
__S1                       (abs)        007B
__S2                       (abs)        0000
__S3                       (abs)        0000
___bmul                    text8        047E
___bmul@multiplicand       cstackCOMMON 0073
___bmul@multiplier         cstackCOMMON 0076
___bmul@product            cstackCOMMON 0075
___int_sp                  stack        0000
___latbits                 (abs)        0002
___lwdiv                   text7        0328
___lwdiv@counter           cstackBANK0  0020
___lwdiv@dividend          cstackCOMMON 0075
___lwdiv@divisor           cstackCOMMON 0073
___lwdiv@quotient          cstackBANK0  0021
___lwmod                   text6        036E
___lwmod@counter           cstackBANK0  0028
___lwmod@dividend          cstackBANK0  0025
___lwmod@divisor           cstackBANK0  0023
___sp                      stack        0000
___stackhi                 (abs)        0000
___stacklo                 (abs)        0000
__end_of_ADC_1             text16       04BD
__end_of_ADC_2             text14       04A8
__end_of___bmul            text8        0493
__end_of___lwdiv           text7        036E
__end_of___lwmod           text6        03AA
__end_of__initialization   cinit        001B
__end_of__stringtab        strings      03B0
__end_of_canal_10          text15       04DE
__end_of_canal_12          text17       04E5
__end_of_display           text3        0220
__end_of_dpowers           strings      03BA
__end_of_isdigit           text5        04CF
__end_of_isr               text18       042D
__end_of_lcd_cmd           text12       047E
__end_of_lcd_init          text2        0328
__end_of_lcd_move_cursor   text11       044A
__end_of_lcd_port          text13       04EB
__end_of_lcd_write_char    text10       0464
__end_of_lcd_write_string  text9        0407
__end_of_main              maintext     02D1
__end_of_setup             text1        0279
__end_of_sprintf           text4        0184
__initialization           cinit        000F
__pbssBANK0                bssBANK0     003D
__pbssCOMMON               bssCOMMON    0078
__pcstackBANK0             cstackBANK0  0020
__pcstackCOMMON            cstackCOMMON 0070
__pintentry                intentry     0004
__pmaintext                maintext     0279
__pstrings                 strings      03AA
__ptext1                   text1        0220
__ptext10                  text10       044A
__ptext11                  text11       042D
__ptext12                  text12       0464
__ptext13                  text13       04E5
__ptext14                  text14       0493
__ptext15                  text15       04D7
__ptext16                  text16       04A8
__ptext17                  text17       04DE
__ptext18                  text18       0407
__ptext2                   text2        02D1
__ptext3                   text3        0184
__ptext4                   text4        001F
__ptext5                   text5        04BD
__ptext6                   text6        036E
__ptext7                   text7        0328
__ptext8                   text8        047E
__ptext9                   text9        03DE
__size_of_ADC_1            (abs)        0000
__size_of_ADC_2            (abs)        0000
__size_of___bmul           (abs)        0000
__size_of___lwdiv          (abs)        0000
__size_of___lwmod          (abs)        0000
__size_of_canal_10         (abs)        0000
__size_of_canal_12         (abs)        0000
__size_of_display          (abs)        0000
__size_of_isdigit          (abs)        0000
__size_of_isr              (abs)        0000
__size_of_lcd_cmd          (abs)        0000
__size_of_lcd_init         (abs)        0000
__size_of_lcd_move_cursor  (abs)        0000
__size_of_lcd_port         (abs)        0000
__size_of_lcd_write_char   (abs)        0000
__size_of_lcd_write_string (abs)        0000
__size_of_main             (abs)        0000
__size_of_setup            (abs)        0000
__size_of_sprintf          (abs)        0000
__stringbase               strings      03AF
__stringtab                strings      03AA
_adc_data1                 bssBANK0     0044
_adc_data2                 bssBANK0     0043
_adc_flag                  bssCOMMON    0078
_ban_an1                   bssBANK0     003F
_ban_an2                   bssBANK0     003D
_canal_10                  text15       04D7
_canal_12                  text17       04DE
_display                   text3        0184
_dpowers                   strings      03B0
_isdigit                   text5        04BD
_isdigit$871               cstackCOMMON 0073
_isr                       text18       0407
_lcd_cmd                   text12       0464
_lcd_init                  text2        02D1
_lcd_move_cursor           text11       042D
_lcd_port                  text13       04E5
_lcd_write_char            text10       044A
_lcd_write_string          text9        03DE
_main                      maintext     0279
_setup                     text1        0220
_sprintf                   text4        001F
_str_pot_a                 bssBANK0     0045
_str_pot_b                 bssBANK0     004B
btemp                      (abs)        007E
clear_ram0                 clrtext      04CF
display@str                cstackBANK0  0037
end_of_initialization      cinit        001B
interrupt_function         intentry     0004
intlevel0                  functab      0000
intlevel1                  functab      0000
intlevel2                  functab      0000
intlevel3                  functab      0000
intlevel4                  functab      0000
intlevel5                  functab      0000
isdigit@c                  cstackCOMMON 0074
lcd_cmd@cmd                cstackCOMMON 0076
lcd_move_cursor@col        cstackCOMMON 0077
lcd_move_cursor@row        cstackBANK0  0020
lcd_port@a                 cstackCOMMON 0073
lcd_write_char@data        cstackCOMMON 0076
lcd_write_string@a         cstackBANK0  0020
lcd_write_string@i         cstackBANK0  0021
reset_vec                  reset_vec    0000
saved_w                    (abs)        007E
sprintf@ap                 cstackBANK0  002F
sprintf@c                  cstackBANK0  0035
sprintf@f                  cstackBANK0  0029
sprintf@flag               cstackBANK0  0030
sprintf@prec               cstackBANK0  0034
sprintf@sp                 cstackBANK0  0033
sprintf@val                cstackBANK0  0031
start                      init         000C
start_initialization       cinit        000F
wtemp0                     (abs)        007E


FUNCTION INFORMATION:

 *************** function _main *****************
 Defined at:
		line 40 in file "sensor_temp.c"
 Parameters:    Size  Location     Type
		None
 Auto vars:     Size  Location     Type
		None
 Return value:  Size  Location     Type
                  1    wreg      void 
 Registers used:
		wreg, fsr0l, fsr0h, status,2, status,0, btemp+1, pclath, cstack
 Tracked objects:
		On entry : 
		On exit  : 
		Unchanged: 
 Data sizes:     COMMON   BANK0   BANK1   BANK3   BANK2
      Params:         0       0       0       0       0
      Locals:         0       0       0       0       0
      Temps:          0       3       0       0       0
      Totals:         0       3       0       0       0
Total ram usage:        3 bytes
 Hardware stack levels required when called:    5
 This function calls:
		_ADC_1
		_ADC_2
		_display
		_setup
		_sprintf
 This function is called by:
		Startup code after reset
 This function uses a non-reentrant model


 *************** function _setup *****************
 Defined at:
		line 151 in file "lib_sensor.c"
 Parameters:    Size  Location     Type
		None
 Auto vars:     Size  Location     Type
		None
 Return value:  Size  Location     Type
                  1    wreg      void 
 Registers used:
		wreg, status,2, status,0, pclath, cstack
 Tracked objects:
		On entry : 
		On exit  : 
		Unchanged: 
 Data sizes:     COMMON   BANK0   BANK1   BANK3   BANK2
      Params:         0       0       0       0       0
      Locals:         0       0       0       0       0
      Temps:          0       0       0       0       0
      Totals:         0       0       0       0       0
Total ram usage:        0 bytes
 Hardware stack levels used:    1
 Hardware stack levels required when called:    4
 This function calls:
		_canal_10
		_lcd_cmd
		_lcd_init
 This function is called by:
		_main
 This function uses a non-reentrant model


 *************** function _lcd_init *****************
 Defined at:
		line 21 in file "lib_sensor.c"
 Parameters:    Size  Location     Type
		None
 Auto vars:     Size  Location     Type
		None
 Return value:  Size  Location     Type
                  1    wreg      void 
 Registers used:
		wreg, status,2, status,0, pclath, cstack
 Tracked objects:
		On entry : 
		On exit  : 
		Unchanged: 
 Data sizes:     COMMON   BANK0   BANK1   BANK3   BANK2
      Params:         0       0       0       0       0
      Locals:         0       0       0       0       0
      Temps:          0       2       0       0       0
      Totals:         0       2       0       0       0
Total ram usage:        2 bytes
 Hardware stack levels used:    1
 Hardware stack levels required when called:    3
 This function calls:
		_lcd_cmd
		_lcd_port
 This function is called by:
		_setup
 This function uses a non-reentrant model


 *************** function _display *****************
 Defined at:
		line 61 in file "sensor_temp.c"
 Parameters:    Size  Location     Type
		None
 Auto vars:     Size  Location     Type
  str             3   23[BANK0 ] PTR unsigned char [3]
		 -> ?_sprintf(2), 
 Return value:  Size  Location     Type
                  1    wreg      void 
 Registers used:
		wreg, fsr0l, fsr0h, status,2, status,0, btemp+1, pclath, cstack
 Tracked objects:
		On entry : 
		On exit  : 
		Unchanged: 
 Data sizes:     COMMON   BANK0   BANK1   BANK3   BANK2
      Params:         0       0       0       0       0
      Locals:         0       3       0       0       0
      Temps:          0       1       0       0       0
      Totals:         0       4       0       0       0
Total ram usage:        4 bytes
 Hardware stack levels used:    1
 Hardware stack levels required when called:    4
 This function calls:
		_lcd_move_cursor
		_lcd_write_char
		_lcd_write_string
		_sprintf
 This function is called by:
		_main
 This function uses a non-reentrant model


 *************** function _sprintf *****************
 Defined at:
		line 505 in file "C:\Program Files\Microchip\xc8\v2.31\pic\sources\c90\common\doprnt.c"
 Parameters:    Size  Location     Type
  sp              1    wreg     PTR unsigned char 
		 -> display@str(3), str_pot_b(5), str_pot_a(6), 
  f               1    9[BANK0 ] PTR const unsigned char 
		 -> STR_4(5), STR_2(7), STR_1(7), 
 Auto vars:     Size  Location     Type
  sp              1   19[BANK0 ] PTR unsigned char 
		 -> display@str(3), str_pot_b(5), str_pot_a(6), 
  tmpval          4    0        struct .
  val             2   17[BANK0 ] unsigned int 
  cp              2    0        PTR const unsigned char 
  len             2    0        unsigned int 
  c               1   21[BANK0 ] unsigned char 
  prec            1   20[BANK0 ] char 
  flag            1   16[BANK0 ] unsigned char 
  ap              1   15[BANK0 ] PTR void [1]
		 -> ?_sprintf(2), 
 Return value:  Size  Location     Type
                  2    9[BANK0 ] int 
 Registers used:
		wreg, fsr0l, fsr0h, status,2, status,0, btemp+1, pclath, cstack
 Tracked objects:
		On entry : 
		On exit  : 
		Unchanged: 
 Data sizes:     COMMON   BANK0   BANK1   BANK3   BANK2
      Params:         0       3       0       0       0
      Locals:         0       7       0       0       0
      Temps:          0       3       0       0       0
      Totals:         0      13       0       0       0
Total ram usage:       13 bytes
 Hardware stack levels used:    1
 Hardware stack levels required when called:    2
 This function calls:
		___bmul
		___lwdiv
		___lwmod
		_isdigit
 This function is called by:
		_main
		_display
 This function uses a non-reentrant model


 *************** function _isdigit *****************
 Defined at:
		line 8 in file "C:\Program Files\Microchip\xc8\v2.31\pic\sources\c90\common\isdigit.c"
 Parameters:    Size  Location     Type
  c               1    wreg     unsigned char 
 Auto vars:     Size  Location     Type
  c               1    4[COMMON] unsigned char 
 Return value:  Size  Location     Type
		None               void
 Registers used:
		wreg, status,2, status,0
 Tracked objects:
		On entry : 
		On exit  : 
		Unchanged: 
 Data sizes:     COMMON   BANK0   BANK1   BANK3   BANK2
      Params:         0       0       0       0       0
      Locals:         2       0       0       0       0
      Temps:          0       0       0       0       0
      Totals:         2       0       0       0       0
Total ram usage:        2 bytes
 Hardware stack levels used:    1
 Hardware stack levels required when called:    1
 This function calls:
		Nothing
 This function is called by:
		_sprintf
 This function uses a non-reentrant model


 *************** function ___lwmod *****************
 Defined at:
		line 5 in file "C:\Program Files\Microchip\xc8\v2.31\pic\sources\c90\common\lwmod.c"
 Parameters:    Size  Location     Type
  divisor         2    3[BANK0 ] unsigned int 
  dividend        2    5[BANK0 ] unsigned int 
 Auto vars:     Size  Location     Type
  counter         1    8[BANK0 ] unsigned char 
 Return value:  Size  Location     Type
                  2    3[BANK0 ] unsigned int 
 Registers used:
		wreg, status,2, status,0
 Tracked objects:
		On entry : 
		On exit  : 
		Unchanged: 
 Data sizes:     COMMON   BANK0   BANK1   BANK3   BANK2
      Params:         0       4       0       0       0
      Locals:         0       1       0       0       0
      Temps:          0       1       0       0       0
      Totals:         0       6       0       0       0
Total ram usage:        6 bytes
 Hardware stack levels used:    1
 Hardware stack levels required when called:    1
 This function calls:
		Nothing
 This function is called by:
		_sprintf
 This function uses a non-reentrant model


 *************** function ___lwdiv *****************
 Defined at:
		line 5 in file "C:\Program Files\Microchip\xc8\v2.31\pic\sources\c90\common\lwdiv.c"
 Parameters:    Size  Location     Type
  divisor         2    3[COMMON] unsigned int 
  dividend        2    5[COMMON] unsigned int 
 Auto vars:     Size  Location     Type
  quotient        2    1[BANK0 ] unsigned int 
  counter         1    0[BANK0 ] unsigned char 
 Return value:  Size  Location     Type
                  2    3[COMMON] unsigned int 
 Registers used:
		wreg, status,2, status,0
 Tracked objects:
		On entry : 
		On exit  : 
		Unchanged: 
 Data sizes:     COMMON   BANK0   BANK1   BANK3   BANK2
      Params:         4       0       0       0       0
      Locals:         0       3       0       0       0
      Temps:          1       0       0       0       0
      Totals:         5       3       0       0       0
Total ram usage:        8 bytes
 Hardware stack levels used:    1
 Hardware stack levels required when called:    1
 This function calls:
		Nothing
 This function is called by:
		_sprintf
 This function uses a non-reentrant model


 *************** function ___bmul *****************
 Defined at:
		line 4 in file "C:\Program Files\Microchip\xc8\v2.31\pic\sources\c90\common\Umul8.c"
 Parameters:    Size  Location     Type
  multiplier      1    wreg     unsigned char 
  multiplicand    1    3[COMMON] unsigned char 
 Auto vars:     Size  Location     Type
  multiplier      1    6[COMMON] unsigned char 
  product         1    5[COMMON] unsigned char 
 Return value:  Size  Location     Type
                  1    wreg      unsigned char 
 Registers used:
		wreg, status,2, status,0
 Tracked objects:
		On entry : 
		On exit  : 
		Unchanged: 
 Data sizes:     COMMON   BANK0   BANK1   BANK3   BANK2
      Params:         1       0       0       0       0
      Locals:         2       0       0       0       0
      Temps:          1       0       0       0       0
      Totals:         4       0       0       0       0
Total ram usage:        4 bytes
 Hardware stack levels used:    1
 Hardware stack levels required when called:    1
 This function calls:
		Nothing
 This function is called by:
		_sprintf
 This function uses a non-reentrant model


 *************** function _lcd_write_string *****************
 Defined at:
		line 129 in file "lib_sensor.c"
 Parameters:    Size  Location     Type
  a               1    wreg     PTR unsigned char 
		 -> STR_3(17), 
 Auto vars:     Size  Location     Type
  a               1    0[BANK0 ] PTR unsigned char 
		 -> STR_3(17), 
  i               2    1[BANK0 ] int 
 Return value:  Size  Location     Type
                  1    wreg      void 
 Registers used:
		wreg, fsr0l, fsr0h, status,2, status,0, pclath, cstack
 Tracked objects:
		On entry : 
		On exit  : 
		Unchanged: 
 Data sizes:     COMMON   BANK0   BANK1   BANK3   BANK2
      Params:         0       0       0       0       0
      Locals:         0       3       0       0       0
      Temps:          0       0       0       0       0
      Totals:         0       3       0       0       0
Total ram usage:        3 bytes
 Hardware stack levels used:    1
 Hardware stack levels required when called:    3
 This function calls:
		_lcd_write_char
 This function is called by:
		_display
 This function uses a non-reentrant model


 *************** function _lcd_write_char *****************
 Defined at:
		line 119 in file "lib_sensor.c"
 Parameters:    Size  Location     Type
  data            1    wreg     unsigned char 
 Auto vars:     Size  Location     Type
  data            1    6[COMMON] unsigned char 
 Return value:  Size  Location     Type
                  1    wreg      void 
 Registers used:
		wreg, status,2, status,0, pclath, cstack
 Tracked objects:
		On entry : 
		On exit  : 
		Unchanged: 
 Data sizes:     COMMON   BANK0   BANK1   BANK3   BANK2
      Params:         0       0       0       0       0
      Locals:         1       0       0       0       0
      Temps:          2       0       0       0       0
      Totals:         3       0       0       0       0
Total ram usage:        3 bytes
 Hardware stack levels used:    1
 Hardware stack levels required when called:    2
 This function calls:
		_lcd_port
 This function is called by:
		_display
		_lcd_write_string
 This function uses a non-reentrant model


 *************** function _lcd_move_cursor *****************
 Defined at:
		line 107 in file "lib_sensor.c"
 Parameters:    Size  Location     Type
  row             1    wreg     unsigned char 
  col             1    7[COMMON] unsigned char 
 Auto vars:     Size  Location     Type
  row             1    0[BANK0 ] unsigned char 
 Return value:  Size  Location     Type
                  1    wreg      void 
 Registers used:
		wreg, status,2, status,0, pclath, cstack
 Tracked objects:
		On entry : 
		On exit  : 
		Unchanged: 
 Data sizes:     COMMON   BANK0   BANK1   BANK3   BANK2
      Params:         1       0       0       0       0
      Locals:         0       1       0       0       0
      Temps:          0       0       0       0       0
      Totals:         1       1       0       0       0
Total ram usage:        2 bytes
 Hardware stack levels used:    1
 Hardware stack levels required when called:    3
 This function calls:
		_lcd_cmd
 This function is called by:
		_display
 This function uses a non-reentrant model


 *************** function _lcd_cmd *****************
 Defined at:
		line 90 in file "lib_sensor.c"
 Parameters:    Size  Location     Type
  cmd             1    wreg     unsigned char 
 Auto vars:     Size  Location     Type
  cmd             1    6[COMMON] unsigned char 
 Return value:  Size  Location     Type
                  1    wreg      void 
 Registers used:
		wreg, status,2, status,0, pclath, cstack
 Tracked objects:
		On entry : 
		On exit  : 
		Unchanged: 
 Data sizes:     COMMON   BANK0   BANK1   BANK3   BANK2
      Params:         0       0       0       0       0
      Locals:         1       0       0       0       0
      Temps:          2       0       0       0       0
      Totals:         3       0       0       0       0
Total ram usage:        3 bytes
 Hardware stack levels used:    1
 Hardware stack levels required when called:    2
 This function calls:
		_lcd_port
 This function is called by:
		_lcd_init
		_lcd_move_cursor
		_setup
		_lcd_clear
		_lcd_shift_right
		_lcd_shift_left
 This function uses a non-reentrant model


 *************** function _lcd_port *****************
 Defined at:
		line 41 in file "lib_sensor.c"
 Parameters:    Size  Location     Type
  a               1    wreg     unsigned char 
 Auto vars:     Size  Location     Type
  a               1    3[COMMON] unsigned char 
 Return value:  Size  Location     Type
                  1    wreg      void 
 Registers used:
		wreg
 Tracked objects:
		On entry : 
		On exit  : 
		Unchanged: 
 Data sizes:     COMMON   BANK0   BANK1   BANK3   BANK2
      Params:         0       0       0       0       0
      Locals:         1       0       0       0       0
      Temps:          0       0       0       0       0
      Totals:         1       0       0       0       0
Total ram usage:        1 bytes
 Hardware stack levels used:    1
 Hardware stack levels required when called:    1
 This function calls:
		Nothing
 This function is called by:
		_lcd_init
		_lcd_cmd
		_lcd_write_char
 This function uses a non-reentrant model


 *************** function _ADC_2 *****************
 Defined at:
		line 114 in file "sensor_temp.c"
 Parameters:    Size  Location     Type
		None
 Auto vars:     Size  Location     Type
		None
 Return value:  Size  Location     Type
                  1    wreg      void 
 Registers used:
		wreg, status,2, status,0, pclath, cstack
 Tracked objects:
		On entry : 
		On exit  : 
		Unchanged: 
 Data sizes:     COMMON   BANK0   BANK1   BANK3   BANK2
      Params:         0       0       0       0       0
      Locals:         0       0       0       0       0
      Temps:          1       0       0       0       0
      Totals:         1       0       0       0       0
Total ram usage:        1 bytes
 Hardware stack levels used:    1
 Hardware stack levels required when called:    2
 This function calls:
		_canal_10
 This function is called by:
		_main
 This function uses a non-reentrant model


 *************** function _canal_10 *****************
 Defined at:
		line 91 in file "sensor_temp.c"
 Parameters:    Size  Location     Type
		None
 Auto vars:     Size  Location     Type
		None
 Return value:  Size  Location     Type
                  1    wreg      void 
 Registers used:
		None
 Tracked objects:
		On entry : 
		On exit  : 
		Unchanged: 
 Data sizes:     COMMON   BANK0   BANK1   BANK3   BANK2
      Params:         0       0       0       0       0
      Locals:         0       0       0       0       0
      Temps:          0       0       0       0       0
      Totals:         0       0       0       0       0
Total ram usage:        0 bytes
 Hardware stack levels used:    1
 Hardware stack levels required when called:    1
 This function calls:
		Nothing
 This function is called by:
		_ADC_2
		_setup
 This function uses a non-reentrant model


 *************** function _ADC_1 *****************
 Defined at:
		line 107 in file "sensor_temp.c"
 Parameters:    Size  Location     Type
		None
 Auto vars:     Size  Location     Type
		None
 Return value:  Size  Location     Type
                  1    wreg      void 
 Registers used:
		wreg, status,2, status,0, pclath, cstack
 Tracked objects:
		On entry : 
		On exit  : 
		Unchanged: 
 Data sizes:     COMMON   BANK0   BANK1   BANK3   BANK2
      Params:         0       0       0       0       0
      Locals:         0       0       0       0       0
      Temps:          1       0       0       0       0
      Totals:         1       0       0       0       0
Total ram usage:        1 bytes
 Hardware stack levels used:    1
 Hardware stack levels required when called:    2
 This function calls:
		_canal_12
 This function is called by:
		_main
 This function uses a non-reentrant model


 *************** function _canal_12 *****************
 Defined at:
		line 99 in file "sensor_temp.c"
 Parameters:    Size  Location     Type
		None
 Auto vars:     Size  Location     Type
		None
 Return value:  Size  Location     Type
                  1    wreg      void 
 Registers used:
		None
 Tracked objects:
		On entry : 
		On exit  : 
		Unchanged: 
 Data sizes:     COMMON   BANK0   BANK1   BANK3   BANK2
      Params:         0       0       0       0       0
      Locals:         0       0       0       0       0
      Temps:          0       0       0       0       0
      Totals:         0       0       0       0       0
Total ram usage:        0 bytes
 Hardware stack levels used:    1
 Hardware stack levels required when called:    1
 This function calls:
		Nothing
 This function is called by:
		_ADC_1
 This function uses a non-reentrant model


 *************** function _isr *****************
 Defined at:
		line 126 in file "sensor_temp.c"
 Parameters:    Size  Location     Type
		None
 Auto vars:     Size  Location     Type
		None
 Return value:  Size  Location     Type
                  1    wreg      void 
 Registers used:
		wreg, status,2, status,0
 Tracked objects:
		On entry : 
		On exit  : 
		Unchanged: 
 Data sizes:     COMMON   BANK0   BANK1   BANK3   BANK2
      Params:         0       0       0       0       0
      Locals:         0       0       0       0       0
      Temps:          3       0       0       0       0
      Totals:         3       0       0       0       0
Total ram usage:        3 bytes
 Hardware stack levels used:    1
 This function calls:
		Nothing
 This function is called by:
		Interrupt level 1
 This function uses a non-reentrant model



MODULE INFORMATION

Module		Function		Class		Link	Load	Size
C:\Program Files\Microchip\xc8\v2.31\pic\sources\c90\common\doprnt.c
		_sprintf       		CODE           	001F	0000	357

C:\Program Files\Microchip\xc8\v2.31\pic\sources\c90\common\doprnt.c estimated size: 357

C:\Program Files\Microchip\xc8\v2.31\pic\sources\c90\common\lwmod.c
		___lwmod       		CODE           	036E	0000	60

C:\Program Files\Microchip\xc8\v2.31\pic\sources\c90\common\lwmod.c estimated size: 60

C:\Program Files\Microchip\xc8\v2.31\pic\sources\c90\common\isdigit.c
		_isdigit       		CODE           	04BD	0000	18

C:\Program Files\Microchip\xc8\v2.31\pic\sources\c90\common\isdigit.c estimated size: 18

C:\Program Files\Microchip\xc8\v2.31\pic\sources\c90\common\lwdiv.c
		___lwdiv       		CODE           	0328	0000	70

C:\Program Files\Microchip\xc8\v2.31\pic\sources\c90\common\lwdiv.c estimated size: 70

shared
		__stringtab    		STRING         	03AA	0000	6
		_dpowers       		STRING         	03B0	0000	10
		__initialization		CODE           	000F	0000	12

shared estimated size: 28

C:\Program Files\Microchip\xc8\v2.31\pic\sources\c90\common\Umul8.c
		___bmul        		CODE           	047E	0000	21

C:\Program Files\Microchip\xc8\v2.31\pic\sources\c90\common\Umul8.c estimated size: 21

lib_sensor.c
		_lcd_write_char		CODE           	044A	0000	26
		_lcd_cmd       		CODE           	0464	0000	26
		_lcd_move_cursor		CODE           	042D	0000	29
		_lcd_port      		CODE           	04E5	0000	6
		_setup         		CODE           	0220	0000	89
		_lcd_write_string		CODE           	03DE	0000	41
		_lcd_init      		CODE           	02D1	0000	87

lib_sensor.c estimated size: 304

sensor_temp.c
		_display       		CODE           	0184	0000	156
		_canal_10      		CODE           	04D7	0000	7
		_canal_12      		CODE           	04DE	0000	7
		_main          		CODE           	0279	0000	88
		_isr           		CODE           	0407	0000	38
		_ADC_1         		CODE           	04A8	0000	21
		_ADC_2         		CODE           	0493	0000	21

sensor_temp.c estimated size: 338

