******************************************************************************
                  TI ARM Linker PC v20.2.4                     
******************************************************************************
>> Linked Fri May 28 19:36:02 2021

OUTPUT FILE NAME:   <HOLA_MUNDO.out>
ENTRY POINT SYMBOL: "_c_int00_noargs"  address: 00001001


MEMORY CONFIGURATION

         name            origin    length      used     unused   attr    fill
----------------------  --------  ---------  --------  --------  ----  --------
  FLASH                 00000000   00040000  00001332  0003ecce  R  X
  SRAM                  20000000   00008000  0000023d  00007dc3  RW X


SEGMENT ALLOCATION MAP

run origin  load origin   length   init length attrs members
----------  ----------- ---------- ----------- ----- -------
00000000    00000000    00001338   00001338    r-x
  00000000    00000000    0000026c   0000026c    r-- .intvecs
  0000026c    0000026c    00000f2a   00000f2a    r-x .text
  00001198    00001198    0000016c   0000016c    r-- .const
  00001308    00001308    00000030   00000030    r-- .cinit
20000000    20000000    0000023d   00000000    rw-
  20000000    20000000    00000200   00000000    rw- .stack
  20000200    20000200    00000028   00000000    rw- .data
  20000228    20000228    00000015   00000000    rw- .bss


SECTION ALLOCATION MAP

 output                                  attributes/
section   page    origin      length       input sections
--------  ----  ----------  ----------   ----------------
.intvecs   0    00000000    0000026c     
                  00000000    0000026c     tm4c123gh6pm_startup_ccs.obj (.intvecs)

.text      0    0000026c    00000f2a     
                  0000026c    00000750     main.obj (.text)
                  000009bc    00000132     driverlib.lib : gpio.obj (.text:GPIOPadConfigSet)
                  00000aee    00000002     --HOLE-- [fill = 0]
                  00000af0    00000110                   : sysctl.obj (.text:SysCtlClockGet)
                  00000c00    000000f4                   : sysctl.obj (.text:SysCtlClockSet)
                  00000cf4    0000009c     rtsv7M4_T_le_v4SPD16_eabi.lib : memcpy_t2.asm.obj (.text)
                  00000d90    00000068     driverlib.lib : interrupt.obj (.text:IntEnable)
                  00000df8    00000068     rtsv7M4_T_le_v4SPD16_eabi.lib : copy_decompress_lzss.c.obj (.text:decompress:lzss:__TI_decompress_lzss)
                  00000e60    00000060     driverlib.lib : timer.obj (.text:TimerConfigure)
                  00000ec0    00000048                   : gpio.obj (.text:GPIOPinConfigure)
                  00000f08    00000046                   : uart.obj (.text:UARTConfigSetExpClk)
                  00000f4e    00000002     --HOLE-- [fill = 0]
                  00000f50    00000044     rtsv7M4_T_le_v4SPD16_eabi.lib : autoinit.c.obj (.text:__TI_auto_init_nobinit_nopinit:__TI_auto_init_nobinit_nopinit)
                  00000f94    00000038     driverlib.lib : sysctl.obj (.text:SysCtlPeripheralReady)
                  00000fcc    00000034                   : sysctl.obj (.text:SysCtlPeripheralEnable)
                  00001000    00000034     rtsv7M4_T_le_v4SPD16_eabi.lib : boot_cortex_m.c.obj (.text:_c_int00_noargs:_c_int00_noargs)
                  00001034    0000002a     driverlib.lib : gpio.obj (.text:GPIODirModeSet)
                  0000105e    00000002     --HOLE-- [fill = 0]
                  00001060    00000020                   : uart.obj (.text:UARTDisable)
                  00001080    0000001c     rtsv7M4_T_le_v4SPD16_eabi.lib : copy_zero_init.c.obj (.text:decompress:ZI:__TI_zero_init_nomemset:__TI_zero_init_nomemset)
                  0000109c    00000018     driverlib.lib : gpio.obj (.text:GPIOPinTypeGPIOOutput)
                  000010b4    00000014                   : uart.obj (.text:UARTEnable)
                  000010c8    00000012                   : gpio.obj (.text:GPIOPinTypeGPIOInput)
                  000010da    00000012                   : gpio.obj (.text:GPIOPinTypeUART)
                  000010ec    00000012                   : timer.obj (.text:TimerLoadSet)
                  000010fe    00000010                   : interrupt.obj (.text:IntMasterEnable)
                  0000110e    0000000e                   : timer.obj (.text:TimerEnable)
                  0000111c    0000000e                   : uart.obj (.text:UARTCharPutNonBlocking)
                  0000112a    0000000e     rtsv7M4_T_le_v4SPD16_eabi.lib : copy_decompress_none.c.obj (.text:decompress:none:__TI_decompress_none)
                  00001138    0000000c     driverlib.lib : cpu.obj (.text:CPUcpsie)
                  00001144    0000000c     tm4c123gh6pm_startup_ccs.obj (.text)
                  00001150    0000000a     driverlib.lib : uart.obj (.text:UARTCharGet)
                  0000115a    0000000a                   : uart.obj (.text:UARTCharPut)
                  00001164    00000008                   : timer.obj (.text:TimerIntEnable)
                  0000116c    00000008                   : uart.obj (.text:UARTIntEnable)
                  00001174    00000006                   : gpio.obj (.text:GPIOPinRead)
                  0000117a    00000006                   : gpio.obj (.text:GPIOPinWrite)
                  00001180    00000006                   : sysctl.obj (.text:SysCtlDelay)
                  00001186    00000004                   : timer.obj (.text:TimerIntClear)
                  0000118a    00000004                   : uart.obj (.text:UARTIntClear)
                  0000118e    00000004     rtsv7M4_T_le_v4SPD16_eabi.lib : pre_init.c.obj (.text:_system_pre_init)
                  00001192    00000004                                   : exit.c.obj (.text:abort:abort)

.const     0    00001198    0000016c     
                  00001198    00000090     driverlib.lib : gpio.obj (.const:g_pui32GPIOBaseAddrs)
                  00001228    00000070                   : interrupt.obj (.const)
                  00001298    0000006c                   : sysctl.obj (.const:g_pui32Xtals)

.cinit     0    00001308    00000030     
                  00001308    0000000c     (__TI_handler_table)
                  00001314    0000000b     (.cinit..data.load) [load image, compression = lzss]
                  0000131f    00000001     --HOLE-- [fill = 0]
                  00001320    00000008     (.cinit..bss.load) [load image, compression = zero_init]
                  00001328    00000010     (__TI_cinit_table)

.init_array 
*          0    00000000    00000000     UNINITIALIZED

.data      0    20000200    00000028     UNINITIALIZED
                  20000200    00000028     main.obj (.data)

.bss       0    20000228    00000015     UNINITIALIZED
                  20000228    00000004     (.common:push1)
                  2000022c    00000004     (.common:push2)
                  20000230    00000004     (.common:push3)
                  20000234    00000004     (.common:push4)
                  20000238    00000001     (.common:LED_AZU)
                  20000239    00000001     (.common:LED_ROJ)
                  2000023a    00000001     (.common:LED_VERD)
                  2000023b    00000001     (.common:bandera)
                  2000023c    00000001     (.common:letra)

.stack     0    20000000    00000200     UNINITIALIZED
                  20000000    00000004     rtsv7M4_T_le_v4SPD16_eabi.lib : boot_cortex_m.c.obj (.stack)
                  20000004    000001fc     --HOLE--

__llvm_prf_cnts 
*          0    20000000    00000000     UNINITIALIZED

MODULE SUMMARY

       Module                         code   ro data   rw data
       ------                         ----   -------   -------
    .\
       main.obj                       1872   0         61     
       tm4c123gh6pm_startup_ccs.obj   12     620       0      
    +--+------------------------------+------+---------+---------+
       Total:                         1884   620       61     
                                                              
    C:/ti/TivaWare_C_Series-2.1.4.178/driverlib/ccs/Debug/driverlib.lib
       sysctl.obj                     630    108       0      
       gpio.obj                       492    144       0      
       interrupt.obj                  120    112       0      
       uart.obj                       168    0         0      
       timer.obj                      140    0         0      
       cpu.obj                        12     0         0      
    +--+------------------------------+------+---------+---------+
       Total:                         1562   364       0      
                                                              
    C:\ti\ccs1031\ccs\tools\compiler\ti-cgt-arm_20.2.4.LTS\lib\rtsv7M4_T_le_v4SPD16_eabi.lib
       memcpy_t2.asm.obj              156    0         0      
       copy_decompress_lzss.c.obj     104    0         0      
       autoinit.c.obj                 68     0         0      
       boot_cortex_m.c.obj            52     0         0      
       copy_zero_init.c.obj           28     0         0      
       copy_decompress_none.c.obj     14     0         0      
       exit.c.obj                     4      0         0      
       pre_init.c.obj                 4      0         0      
    +--+------------------------------+------+---------+---------+
       Total:                         430    0         0      
                                                              
       Stack:                         0      0         512    
       Linker Generated:              0      47        0      
    +--+------------------------------+------+---------+---------+
       Grand Total:                   3876   1031      573    


LINKER GENERATED COPY TABLES

__TI_cinit_table @ 00001328 records: 2, size/record: 8, table size: 16
	.data: load addr=00001314, load size=0000000b bytes, run addr=20000200, run size=00000028 bytes, compression=lzss
	.bss: load addr=00001320, load size=00000008 bytes, run addr=20000228, run size=00000015 bytes, compression=zero_init


LINKER GENERATED HANDLER TABLE

__TI_handler_table @ 00001308 records: 3, size/record: 4, table size: 12
	index: 0, handler: __TI_decompress_lzss
	index: 1, handler: __TI_decompress_none
	index: 2, handler: __TI_zero_init


GLOBAL SYMBOLS: SORTED ALPHABETICALLY BY Name 

address   name                          
-------   ----                          
00001193  C$$EXIT                       
00001139  CPUcpsie                      
00001035  GPIODirModeSet                
000009bd  GPIOPadConfigSet              
00000ec1  GPIOPinConfigure              
00001175  GPIOPinRead                   
000010c9  GPIOPinTypeGPIOInput          
0000109d  GPIOPinTypeGPIOOutput         
000010db  GPIOPinTypeUART               
0000117b  GPIOPinWrite                  
0000031b  InitUART                      
00000d91  IntEnable                     
000010ff  IntMasterEnable               
20000238  LED_AZU                       
20000239  LED_ROJ                       
2000023a  LED_VERD                      
00001145  ResetISR                      
00000af1  SysCtlClockGet                
00000c01  SysCtlClockSet                
00001181  SysCtlDelay                   
00000fcd  SysCtlPeripheralEnable        
00000f95  SysCtlPeripheralReady         
00000295  Timer0Config                  
000003fb  Timer0IntHandler              
00000e61  TimerConfigure                
0000110f  TimerEnable                   
00001187  TimerIntClear                 
00001165  TimerIntEnable                
000010ed  TimerLoadSet                  
00001151  UARTCharGet                   
0000115b  UARTCharPut                   
0000111d  UARTCharPutNonBlocking        
00000f09  UARTConfigSetExpClk           
00001061  UARTDisable                   
000010b5  UARTEnable                    
0000118b  UARTIntClear                  
0000116d  UARTIntEnable                 
000003ab  UARTIntHandler                
20000200  __STACK_END                   
00000200  __STACK_SIZE                  
20000200  __STACK_TOP                   
00001328  __TI_CINIT_Base               
00001338  __TI_CINIT_Limit              
00001308  __TI_Handler_Table_Base       
00001314  __TI_Handler_Table_Limit      
00000f51  __TI_auto_init_nobinit_nopinit
00000df9  __TI_decompress_lzss          
0000112b  __TI_decompress_none          
ffffffff  __TI_pprof_out_hndl           
ffffffff  __TI_prof_data_size           
ffffffff  __TI_prof_data_start          
00000000  __TI_static_base__            
00001081  __TI_zero_init_nomemset       
00000cf5  __aeabi_memcpy                
00000cf5  __aeabi_memcpy4               
00000cf5  __aeabi_memcpy8               
ffffffff  __binit__                     
ffffffff  __c_args__                    
UNDEFED   __mpu_init                    
20000000  __stack                       
20000000  __start___llvm_prf_cnts       
20000000  __stop___llvm_prf_cnts        
00001001  _c_int00_noargs               
UNDEFED   _system_post_cinit            
0000118f  _system_pre_init              
00001193  abort                         
20000200  anti1                         
20000204  anti11                        
20000208  anti2                         
2000020c  anti22                        
20000210  anti3                         
20000214  anti33                        
20000218  anti4                         
2000021c  anti44                        
2000023b  bandera                       
ffffffff  binit                         
20000220  cont                          
000007ad  display                       
00000000  g_pfnVectors                  
00000949  initGPIOF                     
2000023c  letra                         
0000026d  main                          
00000cf5  memcpy                        
00000651  parqueo                       
000004a9  push                          
20000228  push1                         
2000022c  push2                         
20000230  push3                         
20000234  push4                         
000002df  uartc                         
20000224  val                           


GLOBAL SYMBOLS: SORTED BY Symbol Address 

address   name                          
-------   ----                          
00000000  __TI_static_base__            
00000000  g_pfnVectors                  
00000200  __STACK_SIZE                  
0000026d  main                          
00000295  Timer0Config                  
000002df  uartc                         
0000031b  InitUART                      
000003ab  UARTIntHandler                
000003fb  Timer0IntHandler              
000004a9  push                          
00000651  parqueo                       
000007ad  display                       
00000949  initGPIOF                     
000009bd  GPIOPadConfigSet              
00000af1  SysCtlClockGet                
00000c01  SysCtlClockSet                
00000cf5  __aeabi_memcpy                
00000cf5  __aeabi_memcpy4               
00000cf5  __aeabi_memcpy8               
00000cf5  memcpy                        
00000d91  IntEnable                     
00000df9  __TI_decompress_lzss          
00000e61  TimerConfigure                
00000ec1  GPIOPinConfigure              
00000f09  UARTConfigSetExpClk           
00000f51  __TI_auto_init_nobinit_nopinit
00000f95  SysCtlPeripheralReady         
00000fcd  SysCtlPeripheralEnable        
00001001  _c_int00_noargs               
00001035  GPIODirModeSet                
00001061  UARTDisable                   
00001081  __TI_zero_init_nomemset       
0000109d  GPIOPinTypeGPIOOutput         
000010b5  UARTEnable                    
000010c9  GPIOPinTypeGPIOInput          
000010db  GPIOPinTypeUART               
000010ed  TimerLoadSet                  
000010ff  IntMasterEnable               
0000110f  TimerEnable                   
0000111d  UARTCharPutNonBlocking        
0000112b  __TI_decompress_none          
00001139  CPUcpsie                      
00001145  ResetISR                      
00001151  UARTCharGet                   
0000115b  UARTCharPut                   
00001165  TimerIntEnable                
0000116d  UARTIntEnable                 
00001175  GPIOPinRead                   
0000117b  GPIOPinWrite                  
00001181  SysCtlDelay                   
00001187  TimerIntClear                 
0000118b  UARTIntClear                  
0000118f  _system_pre_init              
00001193  C$$EXIT                       
00001193  abort                         
00001308  __TI_Handler_Table_Base       
00001314  __TI_Handler_Table_Limit      
00001328  __TI_CINIT_Base               
00001338  __TI_CINIT_Limit              
20000000  __stack                       
20000000  __start___llvm_prf_cnts       
20000000  __stop___llvm_prf_cnts        
20000200  __STACK_END                   
20000200  __STACK_TOP                   
20000200  anti1                         
20000204  anti11                        
20000208  anti2                         
2000020c  anti22                        
20000210  anti3                         
20000214  anti33                        
20000218  anti4                         
2000021c  anti44                        
20000220  cont                          
20000224  val                           
20000228  push1                         
2000022c  push2                         
20000230  push3                         
20000234  push4                         
20000238  LED_AZU                       
20000239  LED_ROJ                       
2000023a  LED_VERD                      
2000023b  bandera                       
2000023c  letra                         
ffffffff  __TI_pprof_out_hndl           
ffffffff  __TI_prof_data_size           
ffffffff  __TI_prof_data_start          
ffffffff  __binit__                     
ffffffff  __c_args__                    
ffffffff  binit                         
UNDEFED   __mpu_init                    
UNDEFED   _system_post_cinit            

[91 symbols]
