******************************************************************************
                  TI ARM Linker PC v20.2.0                     
******************************************************************************
>> Linked Mon May 18 21:17:49 2020

OUTPUT FILE NAME:   <LAb9_TMR0_ISR_UART.out>
ENTRY POINT SYMBOL: "_c_int00_noargs"  address: 00000945


MEMORY CONFIGURATION

         name            origin    length      used     unused   attr    fill
----------------------  --------  ---------  --------  --------  ----  --------
  FLASH                 00000000   00040000  00000b96  0003f46a  R  X
  SRAM                  20000000   00008000  00000205  00007dfb  RW X


SEGMENT ALLOCATION MAP

run origin  load origin   length   init length attrs members
----------  ----------- ---------- ----------- ----- -------
00000000    00000000    00000b9c   00000b9c    r-x
  00000000    00000000    0000026c   0000026c    r-- .intvecs
  0000026c    0000026c    0000083a   0000083a    r-x .text
  00000aa8    00000aa8    000000dc   000000dc    r-- .const
  00000b88    00000b88    00000014   00000014    r-- .cinit
20000000    20000000    00000205   00000000    rw-
  20000000    20000000    00000200   00000000    rw- .stack
  20000200    20000200    00000005   00000000    rw- .bss


SECTION ALLOCATION MAP

 output                                  attributes/
section   page    origin      length       input sections
--------  ----  ----------  ----------   ----------------
.intvecs   0    00000000    0000026c     
                  00000000    0000026c     tm4c123gh6pm_startup_ccs.obj (.intvecs)

.text      0    0000026c    0000083a     
                  0000026c    000001e0     main.obj (.text)
                  0000044c    00000132     driverlib.lib : gpio.obj (.text:GPIOPadConfigSet)
                  0000057e    00000002     --HOLE-- [fill = 0]
                  00000580    00000110                   : sysctl.obj (.text:SysCtlClockGet)
                  00000690    000000f4                   : sysctl.obj (.text:SysCtlClockSet)
                  00000784    00000068                   : interrupt.obj (.text:IntEnable)
                  000007ec    00000060                   : timer.obj (.text:TimerConfigure)
                  0000084c    00000046                   : uart.obj (.text:UARTConfigSetExpClk)
                  00000892    00000002     --HOLE-- [fill = 0]
                  00000894    00000044     rtsv7M4_T_le_v4SPD16_eabi.lib : autoinit.c.obj (.text:__TI_auto_init_nobinit_nopinit:__TI_auto_init_nobinit_nopinit)
                  000008d8    00000038     driverlib.lib : sysctl.obj (.text:SysCtlPeripheralReady)
                  00000910    00000034                   : sysctl.obj (.text:SysCtlPeripheralEnable)
                  00000944    00000034     rtsv7M4_T_le_v4SPD16_eabi.lib : boot_cortex_m.c.obj (.text:_c_int00_noargs:_c_int00_noargs)
                  00000978    0000002a     driverlib.lib : gpio.obj (.text:GPIODirModeSet)
                  000009a2    00000002     --HOLE-- [fill = 0]
                  000009a4    00000020                   : uart.obj (.text:UARTDisable)
                  000009c4    0000001c     rtsv7M4_T_le_v4SPD16_eabi.lib : copy_zero_init.c.obj (.text:decompress:ZI:__TI_zero_init_nomemset:__TI_zero_init_nomemset)
                  000009e0    00000018     driverlib.lib : gpio.obj (.text:GPIOPinTypeGPIOOutput)
                  000009f8    00000014                   : uart.obj (.text:UARTEnable)
                  00000a0c    00000012                   : gpio.obj (.text:GPIOPinTypeUART)
                  00000a1e    00000012                   : timer.obj (.text:TimerLoadSet)
                  00000a30    00000010                   : interrupt.obj (.text:IntMasterEnable)
                  00000a40    0000000e                   : timer.obj (.text:TimerEnable)
                  00000a4e    0000000c                   : cpu.obj (.text:CPUcpsie)
                  00000a5a    0000000c     tm4c123gh6pm_startup_ccs.obj (.text)
                  00000a66    0000000a     driverlib.lib : uart.obj (.text:UARTCharGet)
                  00000a70    0000000a                   : uart.obj (.text:UARTCharPut)
                  00000a7a    00000008                   : timer.obj (.text:TimerIntEnable)
                  00000a82    00000008                   : uart.obj (.text:UARTIntEnable)
                  00000a8a    00000006                   : gpio.obj (.text:GPIOPinWrite)
                  00000a90    00000006                   : sysctl.obj (.text:SysCtlDelay)
                  00000a96    00000004                   : timer.obj (.text:TimerIntClear)
                  00000a9a    00000004                   : uart.obj (.text:UARTIntClear)
                  00000a9e    00000004     rtsv7M4_T_le_v4SPD16_eabi.lib : pre_init.c.obj (.text:_system_pre_init)
                  00000aa2    00000004                                   : exit.c.obj (.text:abort:abort)

.const     0    00000aa8    000000dc     
                  00000aa8    00000070     driverlib.lib : interrupt.obj (.const)
                  00000b18    0000006c                   : sysctl.obj (.const:g_pui32Xtals)

.cinit     0    00000b88    00000014     
                  00000b88    00000008     (.cinit..bss.load) [load image, compression = zero_init]
                  00000b90    00000004     (__TI_handler_table)
                  00000b94    00000008     (__TI_cinit_table)

.init_array 
*          0    00000000    00000000     UNINITIALIZED

.bss       0    20000200    00000005     UNINITIALIZED
                  20000200    00000001     (.common:LED_AZU)
                  20000201    00000001     (.common:LED_ROJ)
                  20000202    00000001     (.common:LED_VERD)
                  20000203    00000001     (.common:bandera)
                  20000204    00000001     (.common:letra)

.stack     0    20000000    00000200     UNINITIALIZED
                  20000000    00000004     rtsv7M4_T_le_v4SPD16_eabi.lib : boot_cortex_m.c.obj (.stack)
                  20000004    000001fc     --HOLE--

__llvm_prf_cnts 
*          0    20000000    00000000     UNINITIALIZED

MODULE SUMMARY

       Module                         code   ro data   rw data
       ------                         ----   -------   -------
    .\
       tm4c123gh6pm_startup_ccs.obj   12     620       0      
       main.obj                       480    0         5      
    +--+------------------------------+------+---------+---------+
       Total:                         492    620       5      
                                                              
    C:/ti/TivaWare_C_Series-2.1.4.178/driverlib/ccs/Debug/driverlib.lib
       sysctl.obj                     630    108       0      
       gpio.obj                       396    0         0      
       interrupt.obj                  120    112       0      
       uart.obj                       154    0         0      
       timer.obj                      140    0         0      
       cpu.obj                        12     0         0      
    +--+------------------------------+------+---------+---------+
       Total:                         1452   220       0      
                                                              
    C:\ti\ccs1000\ccs\tools\compiler\ti-cgt-arm_20.2.0.LTS\lib\rtsv7M4_T_le_v4SPD16_eabi.lib
       autoinit.c.obj                 68     0         0      
       boot_cortex_m.c.obj            52     0         0      
       copy_zero_init.c.obj           28     0         0      
       exit.c.obj                     4      0         0      
       pre_init.c.obj                 4      0         0      
    +--+------------------------------+------+---------+---------+
       Total:                         156    0         0      
                                                              
       Stack:                         0      0         512    
       Linker Generated:              0      20        0      
    +--+------------------------------+------+---------+---------+
       Grand Total:                   2100   860       517    


LINKER GENERATED COPY TABLES

__TI_cinit_table @ 00000b94 records: 1, size/record: 8, table size: 8
	.bss: load addr=00000b88, load size=00000008 bytes, run addr=20000200, run size=00000005 bytes, compression=zero_init


LINKER GENERATED HANDLER TABLE

__TI_handler_table @ 00000b90 records: 1, size/record: 4, table size: 4
	index: 0, handler: __TI_zero_init


GLOBAL SYMBOLS: SORTED ALPHABETICALLY BY Name 

address   name                          
-------   ----                          
00000aa3  C$$EXIT                       
00000a4f  CPUcpsie                      
00000979  GPIODirModeSet                
0000044d  GPIOPadConfigSet              
000009e1  GPIOPinTypeGPIOOutput         
00000a0d  GPIOPinTypeUART               
00000a8b  GPIOPinWrite                  
000002cd  InitUART                      
00000785  IntEnable                     
00000a31  IntMasterEnable               
20000200  LED_AZU                       
20000201  LED_ROJ                       
20000202  LED_VERD                      
00000a5b  ResetISR                      
00000581  SysCtlClockGet                
00000691  SysCtlClockSet                
00000a91  SysCtlDelay                   
00000911  SysCtlPeripheralEnable        
000008d9  SysCtlPeripheralReady         
00000283  Timer0Config                  
00000385  Timer0IntHandler              
000007ed  TimerConfigure                
00000a41  TimerEnable                   
00000a97  TimerIntClear                 
00000a7b  TimerIntEnable                
00000a1f  TimerLoadSet                  
00000a67  UARTCharGet                   
00000a71  UARTCharPut                   
0000084d  UARTConfigSetExpClk           
000009a5  UARTDisable                   
000009f9  UARTEnable                    
00000a9b  UARTIntClear                  
00000a83  UARTIntEnable                 
00000335  UARTIntHandler                
20000200  __STACK_END                   
00000200  __STACK_SIZE                  
20000200  __STACK_TOP                   
00000b94  __TI_CINIT_Base               
00000b9c  __TI_CINIT_Limit              
00000b90  __TI_Handler_Table_Base       
00000b94  __TI_Handler_Table_Limit      
00000895  __TI_auto_init_nobinit_nopinit
ffffffff  __TI_pprof_out_hndl           
ffffffff  __TI_prof_data_size           
ffffffff  __TI_prof_data_start          
00000000  __TI_static_base__            
000009c5  __TI_zero_init_nomemset       
ffffffff  __binit__                     
ffffffff  __c_args__                    
UNDEFED   __mpu_init                    
20000000  __stack                       
20000000  __start___llvm_prf_cnts       
20000000  __stop___llvm_prf_cnts        
00000945  _c_int00_noargs               
UNDEFED   _system_post_cinit            
00000a9f  _system_pre_init              
00000aa3  abort                         
20000203  bandera                       
ffffffff  binit                         
00000000  g_pfnVectors                  
00000405  initGPIOF                     
20000204  letra                         
0000026d  main                          


GLOBAL SYMBOLS: SORTED BY Symbol Address 

address   name                          
-------   ----                          
00000000  __TI_static_base__            
00000000  g_pfnVectors                  
00000200  __STACK_SIZE                  
0000026d  main                          
00000283  Timer0Config                  
000002cd  InitUART                      
00000335  UARTIntHandler                
00000385  Timer0IntHandler              
00000405  initGPIOF                     
0000044d  GPIOPadConfigSet              
00000581  SysCtlClockGet                
00000691  SysCtlClockSet                
00000785  IntEnable                     
000007ed  TimerConfigure                
0000084d  UARTConfigSetExpClk           
00000895  __TI_auto_init_nobinit_nopinit
000008d9  SysCtlPeripheralReady         
00000911  SysCtlPeripheralEnable        
00000945  _c_int00_noargs               
00000979  GPIODirModeSet                
000009a5  UARTDisable                   
000009c5  __TI_zero_init_nomemset       
000009e1  GPIOPinTypeGPIOOutput         
000009f9  UARTEnable                    
00000a0d  GPIOPinTypeUART               
00000a1f  TimerLoadSet                  
00000a31  IntMasterEnable               
00000a41  TimerEnable                   
00000a4f  CPUcpsie                      
00000a5b  ResetISR                      
00000a67  UARTCharGet                   
00000a71  UARTCharPut                   
00000a7b  TimerIntEnable                
00000a83  UARTIntEnable                 
00000a8b  GPIOPinWrite                  
00000a91  SysCtlDelay                   
00000a97  TimerIntClear                 
00000a9b  UARTIntClear                  
00000a9f  _system_pre_init              
00000aa3  C$$EXIT                       
00000aa3  abort                         
00000b90  __TI_Handler_Table_Base       
00000b94  __TI_CINIT_Base               
00000b94  __TI_Handler_Table_Limit      
00000b9c  __TI_CINIT_Limit              
20000000  __stack                       
20000000  __start___llvm_prf_cnts       
20000000  __stop___llvm_prf_cnts        
20000200  LED_AZU                       
20000200  __STACK_END                   
20000200  __STACK_TOP                   
20000201  LED_ROJ                       
20000202  LED_VERD                      
20000203  bandera                       
20000204  letra                         
ffffffff  __TI_pprof_out_hndl           
ffffffff  __TI_prof_data_size           
ffffffff  __TI_prof_data_start          
ffffffff  __binit__                     
ffffffff  __c_args__                    
ffffffff  binit                         
UNDEFED   __mpu_init                    
UNDEFED   _system_post_cinit            

[63 symbols]
